---
f 1.55360596412
f 4.49913079743
f 2.94674406836
f 2.1364066763e-08
f 0.45072657669
f 8.60832302649
f 3.20376316616
f 0.462952222398
f 5.37305178941
f 2.6568944922
