---
f 2.40056684276
f 7.94219374527
f 0.824574812442
f 0.124483595699
f 0.261455164244
f 4.70289554716
f 1.43359019336
f 3.2314943182
f 3.36982404049
f 1.78518421818
