---
f 2.84241361508
f 14.3913130233
f 0.26302608575
f 42.7798094701
f 0.0683889370989
f 4.02985054244e-12
f 0.013444890583
f 1.35112600958
f 3.72659279927
f 3.63086986705
