---
f 1.62207487854
f 5.05177286272
f 0.286559198038
f 4.67806726375
f 0.274242622635
f 0.00492981753993
f 0.320614400124
f 0.0254988314041
f 2.51927427199
f 0.874972636635
