---
f 1.2224778281
f 0.256406220815
f 4.10794402012
f 7.55698886928
f 0.631649142872
f 0.0488360594805
f 0.873928251216
f 0.789006602037
f 2.29112436402
f 4.25420271479
