---
f 1.73460282493
f 3.90118078664
f 0.936060688583
f 2.5605625567
f 1.21966222344
f 0.369054485288
f 0.707232211351
f 0.510033315242
f 3.04605703355
f 7.36796209061
