---
f 1.48081481376
f 0.0694876705472
f 1.12483433068
f 28.6756184632
f 0.930026908547
f 0.254947621994
f 12.0541835585
f 18.3326469808
f 6.01646468175
f 5.14355050374
