---
f 0.41349439605
f 72.0499489083
f 0.407183221035
f 515.528162452
f 0.0555434258238
f 0.185725373582
f 0.735574569575
f 2.95857906636e-06
f 576.362096485
f 61971.487157
