Beta Value: 0.0
Residual: 0.03162933766593178
Regularisation: 10.227606899489135
---
Beta Value: 0.0001
Residual: 0.04592509824374066
Regularisation: 3.477176992325691
---
Beta Value: 0.0002
Residual: 0.042183508098064336
Regularisation: 5.287057200341365
---
Beta Value: 0.0003
Residual: 0.03852975017557691
Regularisation: 5.539279584228536
---
Beta Value: 0.0004
Residual: 0.023812772787048193
Regularisation: 4.197066346639883
---
Beta Value: 0.0005
Residual: 0.02392536957614195
Regularisation: 3.7241139791833273
---
Beta Value: 0.0006
Residual: 0.023932403217622338
Regularisation: 4.135736559545796
---
Beta Value: 0.0007
Residual: 0.03470599011561975
Regularisation: 3.8003054221011934
---
Beta Value: 0.0008
Residual: 0.0353416697864426
Regularisation: 3.5382521981720725
---
Beta Value: 0.0009
Residual: 0.0329752513604683
Regularisation: 3.8939958851912695
---
Beta Value: 0.001
Residual: 0.03501632332178417
Regularisation: 4.07324353875638
---
Beta Value: 0.0011
Residual: 0.0317030693212103
Regularisation: 4.310424209506904
---
Beta Value: 0.0012
Residual: 0.03394649271355957
Regularisation: 2.9293619335925003
---
Beta Value: 0.0013
Residual: 0.03380017551266244
Regularisation: 6.084208167962555
---
Beta Value: 0.0014
Residual: 0.037236498242998836
Regularisation: 3.6196316779779454
---
Beta Value: 0.0015
Residual: 0.03601064601194501
Regularisation: 3.7294020729902444
---
Beta Value: 0.0016
Residual: 0.0319775125778541
Regularisation: 2.9923746956335804
---
Beta Value: 0.0017
Residual: 0.02703223981861341
Regularisation: 3.844774472826335
---
Beta Value: 0.0018
Residual: 0.024607941229214128
Regularisation: 3.2822318336522054
---
Beta Value: 0.0019
Residual: 0.030885896410582415
Regularisation: 2.6673272980699507
---
Beta Value: 0.002
Residual: 0.030534857070448642
Regularisation: 3.765647776256397
---
Beta Value: 0.0021
Residual: 0.028408763277073312
Regularisation: 3.7412183292701227
---
Beta Value: 0.0022
Residual: 0.02999954247091145
Regularisation: 4.293855568656151
---
Beta Value: 0.0023
Residual: 0.02964978283146122
Regularisation: 4.958928537572206
---
Beta Value: 0.0024
Residual: 0.025888379673109765
Regularisation: 4.491174955771077
---
Beta Value: 0.0025
Residual: 0.037972412569553526
Regularisation: 3.643583493994938
---
Beta Value: 0.0026
Residual: 0.03341456628598731
Regularisation: 3.9670113387633656
---
Beta Value: 0.0027
Residual: 0.034587589924758605
Regularisation: 4.138862654773048
---
Beta Value: 0.0028
Residual: 0.03054769331838222
Regularisation: 3.756222620573188
---
Beta Value: 0.0029
Residual: 0.03399795068959926
Regularisation: 3.298360523831897
---
Beta Value: 0.003
Residual: 0.0340721952868933
Regularisation: 5.28944719912929
---
Beta Value: 0.0031
Residual: 0.0361304693718654
Regularisation: 5.071838852738487
---
Beta Value: 0.0032
Residual: 0.02465331262841937
Regularisation: 3.8273363103883598
---
Beta Value: 0.0033
Residual: 0.03255680079993015
Regularisation: 3.532740676882344
---
Beta Value: 0.0034
Residual: 0.03141296371223063
Regularisation: 3.5427556933228224
---
Beta Value: 0.0035
Residual: 0.03041975872624845
Regularisation: 3.841767056916101
---
Beta Value: 0.0036
Residual: 0.031594265724193916
Regularisation: 3.5333735546201233
---
Beta Value: 0.0037
Residual: 0.03191990655819894
Regularisation: 3.444498354288076
---
Beta Value: 0.0038
Residual: 0.03142423382482939
Regularisation: 3.7794346055518435
---
Beta Value: 0.0039
Residual: 0.03177381771938491
Regularisation: 3.6285493168439076
---
Beta Value: 0.004
Residual: 0.025513994849261874
Regularisation: 4.895122186766249
---
Beta Value: 0.0041
Residual: 0.025740870040523813
Regularisation: 4.637749638419936
---
Beta Value: 0.0042
Residual: 0.027266266167021068
Regularisation: 4.1811049422532225
---
Beta Value: 0.0043
Residual: 0.03994618285889622
Regularisation: 3.0050224191360266
---
Beta Value: 0.0044
Residual: 0.026853149446188693
Regularisation: 4.58895690423116
---
Beta Value: 0.0045
Residual: 0.027071966414228706
Regularisation: 4.269253652266182
---
Beta Value: 0.0046
Residual: 0.0349645255863193
Regularisation: 4.8129267204124515
---
Beta Value: 0.0047
Residual: 0.0390223471766577
Regularisation: 4.533216799749507
---
Beta Value: 0.0048
Residual: 0.04079917445174769
Regularisation: 4.355171098109271
---
Beta Value: 0.0049
Residual: 0.04151424385509608
Regularisation: 4.266902216081507
---
Beta Value: 0.005
Residual: 0.04350811778927839
Regularisation: 4.226430732833344
---
Beta Value: 0.0051
Residual: 0.03982084468717749
Regularisation: 4.529017914825036
---
Beta Value: 0.0052
Residual: 0.04099811551358289
Regularisation: 4.342639384685369
---
Beta Value: 0.0053
Residual: 0.04178861137261131
Regularisation: 4.269390581058135
---
Beta Value: 0.0054
Residual: 0.038539692322789046
Regularisation: 4.588013553538826
---
Beta Value: 0.0055
Residual: 0.04163137593375538
Regularisation: 3.9495111229871336
---
Beta Value: 0.0056
Residual: 0.038021132177593966
Regularisation: 4.291899620385973
---
Beta Value: 0.0057
Residual: 0.045697540140352745
Regularisation: 3.540535357702001
---
Beta Value: 0.0058
Residual: 0.04554806159151777
Regularisation: 3.724661979264321
---
Beta Value: 0.0059
Residual: 0.045368159030207286
Regularisation: 3.3472895296540277
---
Beta Value: 0.006
Residual: 0.04632980274025736
Regularisation: 3.046946971989488
---
Beta Value: 0.0061
Residual: 0.0346623101066151
Regularisation: 2.5206813063534814
---
Beta Value: 0.0062
Residual: 0.03530987464397337
Regularisation: 2.6237559428197663
---
Beta Value: 0.0063
Residual: 0.0341497151911119
Regularisation: 2.7367564680796574
---
Beta Value: 0.0064
Residual: 0.0339606141305808
Regularisation: 2.6348738656598307
---
Beta Value: 0.0065
Residual: 0.03496604427947298
Regularisation: 2.5538606357459437
---
Beta Value: 0.0066
Residual: 0.034604142351074375
Regularisation: 2.5134773094060026
---
Beta Value: 0.0067
Residual: 0.0347531094563156
Regularisation: 2.5124029715905762
---
Beta Value: 0.0068
Residual: 0.04686238920851573
Regularisation: 3.0540372587431124
---
Beta Value: 0.0069
Residual: 0.046599125590806124
Regularisation: 3.2437658902764483
---
Beta Value: 0.007
Residual: 0.040377523982747465
Regularisation: 4.045043436576691
---
Beta Value: 0.0071
Residual: 0.03872385703470238
Regularisation: 4.185705749486983
---
Beta Value: 0.0072
Residual: 0.04407185672996997
Regularisation: 3.3915041474230434
---
Beta Value: 0.0073
Residual: 0.04002696846752121
Regularisation: 4.169580477108469
---
Beta Value: 0.0074
Residual: 0.04841785673962539
Regularisation: 2.882591943979973
---
Beta Value: 0.0075
Residual: 0.039359676071119
Regularisation: 4.138975636302893
---
Beta Value: 0.0076
Residual: 0.03946870728809581
Regularisation: 4.116851972433685
---
Beta Value: 0.0077
Residual: 0.03493545747334522
Regularisation: 4.564035238288093
---
Beta Value: 0.0078
Residual: 0.03819475235112411
Regularisation: 4.167577466098809
---
Beta Value: 0.0079
Residual: 0.04048650429328546
Regularisation: 4.022308955952721
---
Beta Value: 0.008
Residual: 0.04879511162751149
Regularisation: 2.585278284430978
---
Beta Value: 0.0081
Residual: 0.04241965752155069
Regularisation: 3.7898060355047716
---
Beta Value: 0.0082
Residual: 0.05094640870705906
Regularisation: 2.6941166978564874
---
Beta Value: 0.0083
Residual: 0.05059115241684023
Regularisation: 2.7248347687589054
---
Beta Value: 0.0084
Residual: 0.040755443243598845
Regularisation: 3.918898729397479
---
Beta Value: 0.0085
Residual: 0.040635857917131694
Regularisation: 3.9940457574935917
---
Beta Value: 0.0086
Residual: 0.03660741923234072
Regularisation: 3.3129300857742
---
Beta Value: 0.0087
Residual: 0.03889134430834967
Regularisation: 4.048246996428602
---
Beta Value: 0.0088
Residual: 0.03987411038575215
Regularisation: 4.117972939967955
---
Beta Value: 0.0089
Residual: 0.03050009517713518
Regularisation: 2.3986518933764303
---
Beta Value: 0.009
Residual: 0.032727200082112363
Regularisation: 2.5504844375717264
---
Beta Value: 0.0091
Residual: 0.03188152643725116
Regularisation: 3.549900956798886
---
Beta Value: 0.0092
Residual: 0.03233472414105098
Regularisation: 2.9183830470504066
---
Beta Value: 0.0093
Residual: 0.03181921401067186
Regularisation: 3.0271234995760703
---
Beta Value: 0.0094
Residual: 0.03511997224652729
Regularisation: 2.16579567221742
---
Beta Value: 0.0095
Residual: 0.03400295607961728
Regularisation: 1.930490853131443
---
Beta Value: 0.0096
Residual: 0.030516595096837223
Regularisation: 2.8697430932496446
---
Beta Value: 0.0097
Residual: 0.0321841086237505
Regularisation: 2.7261249296027246
---
Beta Value: 0.0098
Residual: 0.031170154560379228
Regularisation: 3.1606942078296067
---
Beta Value: 0.0099
Residual: 0.03344923222303933
Regularisation: 2.9454116493340017
---
Beta Value: 0.01
Residual: 0.03299854760078611
Regularisation: 3.240969896103185
---
