Beta Value: 1e-10
Residual: 0.2725233367614009
Regularisation: 135.84303464978228
---
Beta Value: 1.77827941e-10
Residual: 0.2725229280917491
Regularisation: 135.84540232154342
---
Beta Value: 3.1622776601e-10
Residual: 0.2794115955865024
Regularisation: 118.26334063484528
---
Beta Value: 5.6234132519e-10
Residual: 0.2725199132235564
Regularisation: 135.86194025902756
---
Beta Value: 1e-09
Residual: 0.2724787081534977
Regularisation: 136.23604205811287
---
Beta Value: 1.77827941003e-09
Residual: 0.2724715698789705
Regularisation: 136.2706967572303
---
Beta Value: 3.16227766016e-09
Residual: 0.27246339053110863
Regularisation: 136.3188032275184
---
Beta Value: 5.6234132519e-09
Residual: 0.2723503657825028
Regularisation: 136.92977609896627
---
Beta Value: 1e-08
Residual: 0.2733507777713169
Regularisation: 258.5076452809449
---
Beta Value: 1.778279410038e-08
Residual: 0.27242342667692815
Regularisation: 136.48286677394807
---
Beta Value: 3.162277660168e-08
Residual: 0.2696632783166862
Regularisation: 154.3732383678845
---
Beta Value: 5.623413251903e-08
Residual: 0.26005983753504824
Regularisation: 379.2692383223607
---
Beta Value: 1e-07
Residual: 0.2863840249645707
Regularisation: 83.83756833598238
---
Beta Value: 1.7782794100389e-07
Residual: 0.2722687034571833
Regularisation: 166.05647362999062
---
Beta Value: 3.1622776601683e-07
Residual: 0.26991688537998704
Regularisation: 225.86368199881863
---
Beta Value: 5.6234132519034e-07
Residual: 0.25866409608327207
Regularisation: 442.83033881824474
---
Beta Value: 1e-06
Residual: 0.2788974774634769
Regularisation: 126.02771642335995
---
Beta Value: 1.77827941003892e-06
Residual: 0.27296410743910604
Regularisation: 206.36821257748772
---
Beta Value: 3.16227766016837e-06
Residual: 0.26025399581124864
Regularisation: 326.0960124992916
---
Beta Value: 5.62341325190349e-06
Residual: 0.2779422557839345
Regularisation: 115.76120477964844
---
Beta Value: 1e-05
Residual: 0.25962009344337317
Regularisation: 392.4282353880491
---
Beta Value: 1.778279410038922e-05
Residual: 0.2836536347115999
Regularisation: 91.11992597443361
---
Beta Value: 3.162277660168379e-05
Residual: 0.9566470404532585
Regularisation: 34.46957472988367
---
Beta Value: 5.62341325190349e-05
Residual: 0.270498403227675
Regularisation: 156.42228765840628
---
Beta Value: 0.0001
Residual: 0.2761940257376697
Regularisation: 133.06546265987288
---
Beta Value: 0.00017782794100389227
Residual: 0.2716244119981486
Regularisation: 153.8006371483873
---
Beta Value: 0.00031622776601683794
Residual: 0.4051542575799501
Regularisation: 45.66144673802825
---
Beta Value: 0.0005623413251903491
Residual: 0.4700857805855583
Regularisation: 185.12849703518393
---
Beta Value: 0.001
Residual: 0.30351160160234564
Regularisation: 41.354233430073876
---
Beta Value: 0.0017782794100389228
Residual: 0.3401598657859571
Regularisation: 8.612254779985864
---
Beta Value: 0.0031622776601683794
Residual: 0.7463668018263866
Regularisation: 15.958702777346378
---
Beta Value: 0.005623413251903491
Residual: 0.9718842704210354
Regularisation: 9.974880757186137
---
Beta Value: 0.01
Residual: 0.5333968752215212
Regularisation: 1.480182600366791
---
Beta Value: 0.01778279410038923
Residual: 0.3311175153438028
Regularisation: 6.604593269180685
---
Beta Value: 0.03162277660168379
Residual: 1.538789436859626
Regularisation: 11.822109309560933
---
Beta Value: 0.05623413251903491
Residual: 0.36838325281942336
Regularisation: 3.3973328708732984
---
Beta Value: 0.1
Residual: 0.36280930234065745
Regularisation: 3.7422103984086794
---
Beta Value: 0.1778279410038923
Residual: 2.128599491277713
Regularisation: 0.4145999755659204
---
Beta Value: 0.31622776601683794
Residual: 2.2375008393166005
Regularisation: 1.559494934478303e-07
---
Beta Value: 0.5623413251903491
Residual: 2.237500839305729
Regularisation: 3.7570781425515914e-08
---
Beta Value: 1.0
Residual: 2.2375008393066005
Regularisation: 1.0314432781338351e-07
---
Beta Value: 1.7782794100389228
Residual: 2.2375008392974176
Regularisation: 1.744769899368465e-08
---
Beta Value: 3.1622776601683795
Residual: 2.237500839303157
Regularisation: 7.628894100217161e-08
---
Beta Value: 5.623413251903491
Residual: 2.2375008393100635
Regularisation: 7.435240503256645e-08
---
Beta Value: 10.0
Residual: 2.2375008393026206
Regularisation: 3.209567472829315e-10
---
Beta Value: 17.78279410038923
Residual: 2.2375008393025455
Regularisation: 3.8988644040267525e-11
---
Beta Value: 31.622776601683793
Residual: 2.2375008393025584
Regularisation: 4.1868183750889055e-10
---
Beta Value: 56.23413251903491
Residual: 2.237500839302698
Regularisation: 2.297310409691391e-10
---
Beta Value: 100.0
Residual: 2.2375008393024967
Regularisation: 3.766092752233386e-10
---
