Beta Value: 1e-08
Residual: 0.44045435644034436
Regularisation: 82.42174943944178
---
Beta Value: 1.778279410038e-08
Residual: 1.4947528655315903
Regularisation: 225.1645055239157
---
Beta Value: 3.162277660168e-08
Residual: 1.8595164446547179
Regularisation: 7.831488407818189
---
Beta Value: 5.623413251903e-08
Residual: 0.3428655043221479
Regularisation: 19.383396556619818
---
Beta Value: 1e-07
Residual: 1.3409607692076644
Regularisation: 119.71101735429701
---
Beta Value: 1.7782794100389e-07
Residual: 0.540014753633098
Regularisation: 22.820448264688817
---
Beta Value: 3.1622776601683e-07
Residual: 1.4304980783273646
Regularisation: 20.706507403892928
---
Beta Value: 5.6234132519034e-07
Residual: 0.3700217935312523
Regularisation: 9.449601992751766
---
Beta Value: 1e-06
Residual: 0.3340392332901321
Regularisation: 6.772933140020143
---
Beta Value: 1.77827941003892e-06
Residual: 0.3268091689964046
Regularisation: 7.568645326038496
---
Beta Value: 3.16227766016837e-06
Residual: 1.2524206279513075
Regularisation: 354.72246018308897
---
Beta Value: 5.62341325190349e-06
Residual: 1.469007340366573
Regularisation: 257.9054331491177
---
Beta Value: 1e-05
Residual: 1.8905710060869854
Regularisation: 6.2750555779584305
---
Beta Value: 1.778279410038922e-05
Residual: 1.0744877890136453
Regularisation: 30.609660425535523
---
Beta Value: 3.162277660168379e-05
Residual: 0.9826986155692226
Regularisation: 136.36194078089736
---
Beta Value: 5.62341325190349e-05
Residual: 0.3403210934303517
Regularisation: 24.229732683284585
---
Beta Value: 0.0001
Residual: 1.481645659791649
Regularisation: 191.76178716144983
---
Beta Value: 0.00017782794100389227
Residual: 1.4575833199188521
Regularisation: 187.90948368073566
---
Beta Value: 0.00031622776601683794
Residual: 1.2815343954637763
Regularisation: 180.73690092506848
---
Beta Value: 0.0005623413251903491
Residual: 1.2595091783178625
Regularisation: 103.63676321692098
---
Beta Value: 0.001
Residual: 1.8013933016973493
Regularisation: 35.33056969814375
---
Beta Value: 0.0017782794100389228
Residual: 0.33382706494326264
Regularisation: 10.762884612724203
---
Beta Value: 0.0031622776601683794
Residual: 1.8660771230070354
Regularisation: 4.584628776762943
---
Beta Value: 0.005623413251903491
Residual: 0.5732890289058548
Regularisation: 11.792107213187665
---
Beta Value: 0.01
Residual: 1.899029764481884
Regularisation: 4.183406026878748
---
Beta Value: 0.01778279410038923
Residual: 0.39220025818442283
Regularisation: 3.439784315152325
---
Beta Value: 0.03162277660168379
Residual: 0.3391220393374113
Regularisation: 6.837888276618269
---
Beta Value: 0.05623413251903491
Residual: 0.353439666476626
Regularisation: 4.0532914275321055
---
Beta Value: 0.1
Residual: 2.1184426210895695
Regularisation: 0.6049955407533804
---
Beta Value: 0.1778279410038923
Residual: 2.1171116227122297
Regularisation: 0.7444056989762993
---
Beta Value: 0.31622776601683794
Residual: 2.150833602921024
Regularisation: 0.4818872754708522
---
Beta Value: 0.5623413251903491
Residual: 2.115936798468785
Regularisation: 0.6262625652440179
---
Beta Value: 1.0
Residual: 2.2026278460118998
Regularisation: 0.4945821801625952
---
Beta Value: 1.7782794100389228
Residual: 2.1943181217019663
Regularisation: 0.3584232910826415
---
Beta Value: 3.1622776601683795
Residual: 2.1949808547411807
Regularisation: 0.555200506578521
---
Beta Value: 5.623413251903491
Residual: 2.131998651648751
Regularisation: 0.5904242127811891
---
Beta Value: 10.0
Residual: 2.2210366764008507
Regularisation: 0.3479381492503311
---
Beta Value: 17.78279410038923
Residual: 2.2142706721570753
Regularisation: 0.5784201239952218
---
Beta Value: 31.622776601683793
Residual: 2.1400293708745
Regularisation: 0.5465700865316276
---
Beta Value: 56.23413251903491
Residual: 2.237806000181879
Regularisation: 0.3174726896397605
---
Beta Value: 100.0
Residual: 2.2375385108604338
Regularisation: 0.39034213542057944
---
