Beta Value: 1e-10
Residual: 0.03162933741420441
Regularisation: 10.227727216892664
---
Beta Value: 1.77827941e-10
Residual: 0.03162934298033691
Regularisation: 10.227366233547434
---
Beta Value: 3.1622776601e-10
Residual: 0.03162934371889748
Regularisation: 10.227071295177916
---
Beta Value: 5.6234132519e-10
Residual: 0.031486130583802265
Regularisation: 10.724970569529214
---
Beta Value: 1e-09
Residual: 0.03148183139072893
Regularisation: 10.78686083127567
---
Beta Value: 1.77827941003e-09
Residual: 0.03194204786803247
Regularisation: 10.861704685181856
---
Beta Value: 3.16227766016e-09
Residual: 0.0318850310398668
Regularisation: 10.84436497807404
---
Beta Value: 5.6234132519e-09
Residual: 0.03053212797444817
Regularisation: 13.173455022424863
---
Beta Value: 1e-08
Residual: 0.029889653880946287
Regularisation: 13.40765640652447
---
Beta Value: 1.778279410038e-08
Residual: 0.028387108564320584
Regularisation: 14.33107195217278
---
Beta Value: 3.162277660168e-08
Residual: 0.03115838076870121
Regularisation: 3.7579422568054652
---
Beta Value: 5.623413251903e-08
Residual: 0.03236329499592754
Regularisation: 8.543434244982752
---
Beta Value: 1e-07
Residual: 0.034059900554413915
Regularisation: 6.379930930026092
---
Beta Value: 1.7782794100389e-07
Residual: 0.03664954388505
Regularisation: 4.92081435666367
---
Beta Value: 3.1622776601683e-07
Residual: 0.03581433302122188
Regularisation: 4.426379751562024
---
Beta Value: 5.6234132519034e-07
Residual: 0.03553284067687098
Regularisation: 4.638126722154471
---
Beta Value: 1e-06
Residual: 0.03007397115612881
Regularisation: 7.697773601944323
---
Beta Value: 1.77827941003892e-06
Residual: 0.047619183641091266
Regularisation: 4.3984222648819165
---
Beta Value: 3.16227766016837e-06
Residual: 0.04783554270271059
Regularisation: 3.6374846124824165
---
Beta Value: 5.62341325190349e-06
Residual: 0.03895614125204635
Regularisation: 5.426947855053363
---
Beta Value: 1e-05
Residual: 0.04220980556013342
Regularisation: 6.4406942049206535
---
Beta Value: 1.778279410038922e-05
Residual: 0.023926628488645005
Regularisation: 3.3309598457612144
---
Beta Value: 3.162277660168379e-05
Residual: 0.037265274204501674
Regularisation: 2.991671394201861
---
Beta Value: 5.62341325190349e-05
Residual: 0.021134771429016975
Regularisation: 2.1087956559268353
---
Beta Value: 0.0001
Residual: 0.030453145862099254
Regularisation: 3.6140588519647903
---
Beta Value: 0.00017782794100389227
Residual: 0.039743106213134864
Regularisation: 3.182475109862067
---
Beta Value: 0.00031622776601683794
Residual: 0.037278678120938644
Regularisation: 2.9452214783135013
---
Beta Value: 0.0005623413251903491
Residual: 0.037141731783843814
Regularisation: 2.0113393397244903
---
Beta Value: 0.001
Residual: 0.028556947059082644
Regularisation: 2.2546194100386066
---
Beta Value: 0.0017782794100389228
Residual: 0.028352433100569098
Regularisation: 1.8363089988120802
---
Beta Value: 0.0031622776601683794
Residual: 0.024455112241761175
Regularisation: 1.7519719838295476
---
Beta Value: 0.005623413251903491
Residual: 0.04863839517332959
Regularisation: 1.8884599776321431
---
Beta Value: 0.01
Residual: 0.04943084786776033
Regularisation: 1.344104572355105
---
Beta Value: 0.01778279410038923
Residual: 0.06556559340522056
Regularisation: 1.0915834473605912
---
Beta Value: 0.03162277660168379
Residual: 0.10784367021331522
Regularisation: 1.07698110833076
---
Beta Value: 0.05623413251903491
Residual: 0.05481166640497391
Regularisation: 1.7210105477875377
---
Beta Value: 0.1
Residual: 0.13221059618158915
Regularisation: 1.4635658716593247
---
Beta Value: 0.1778279410038923
Residual: 0.1358234096384317
Regularisation: 1.565586115356007
---
Beta Value: 0.31622776601683794
Residual: 0.19129812849715924
Regularisation: 0.4595964468188384
---
Beta Value: 0.5623413251903491
Residual: 0.23424519125725804
Regularisation: 0.3907419542575385
---
Beta Value: 1.0
Residual: 0.3434853452773611
Regularisation: 0.008900782501696717
---
Beta Value: 1.7782794100389228
Residual: 0.34361139581998534
Regularisation: 0.0043120948959933505
---
Beta Value: 3.1622776601683795
Residual: 0.34364382659781645
Regularisation: 0.002798829595056924
---
Beta Value: 5.623413251903491
Residual: 0.3436438198280403
Regularisation: 0.004938920858119277
---
Beta Value: 10.0
Residual: 0.34369337909035647
Regularisation: 0.0009331013353765469
---
Beta Value: 17.78279410038923
Residual: 0.3436987849767577
Regularisation: 0.0007521081652696814
---
Beta Value: 31.622776601683793
Residual: 0.34371484303304406
Regularisation: 0.00018150801493178068
---
Beta Value: 56.23413251903491
Residual: 0.34371343092052514
Regularisation: 0.00047009117271055436
---
Beta Value: 100.0
Residual: 2.151436583383771
Regularisation: 2.3024700342789304
---
