Beta Value: 1e-10
Residual: 0.03162933766593178
Regularisation: 10.0
---
Beta Value: 1.77827941e-10
Residual: 0.03162933766593178
Regularisation: 10.0
---
Beta Value: 3.1622776601e-10
Residual: 0.03162933766593178
Regularisation: 10.0
---
Beta Value: 5.6234132519e-10
Residual: 0.03162933766593178
Regularisation: 10.0
---
Beta Value: 1e-09
Residual: 0.03162933766593178
Regularisation: 10.0
---
Beta Value: 1.77827941003e-09
Residual: 0.03162933766593178
Regularisation: 10.0
---
Beta Value: 3.16227766016e-09
Residual: 0.03162933766593178
Regularisation: 10.0
---
Beta Value: 5.6234132519e-09
Residual: 0.03162933766593178
Regularisation: 10.0
---
Beta Value: 1e-08
Residual: 0.03162933766593178
Regularisation: 10.0
---
Beta Value: 1.778279410038e-08
Residual: 0.03162933766593178
Regularisation: 10.0
---
Beta Value: 3.162277660168e-08
Residual: 0.03162933766593178
Regularisation: 10.0
---
Beta Value: 5.623413251903e-08
Residual: 0.03162933766593178
Regularisation: 10.0
---
Beta Value: 1e-07
Residual: 0.03162933766593178
Regularisation: 10.0
---
Beta Value: 1.7782794100389e-07
Residual: 0.03162933766593178
Regularisation: 10.0
---
Beta Value: 3.1622776601683e-07
Residual: 0.03162933766593178
Regularisation: 10.0
---
Beta Value: 5.6234132519034e-07
Residual: 0.03162933766593178
Regularisation: 10.0
---
Beta Value: 1e-06
Residual: 0.03162933766593178
Regularisation: 10.0
---
