Beta Value: 1e-08
Residual: 0.34434311087606173
Regularisation: 11.755013917099905
---
Beta Value: 1.778279410038e-08
Residual: 0.34315335163807176
Regularisation: 12.47592824675424
---
Beta Value: 3.162277660168e-08
Residual: 0.3421161791392389
Regularisation: 10.406275129193554
---
Beta Value: 5.623413251903e-08
Residual: 0.34832082119915797
Regularisation: 11.006061003049869
---
Beta Value: 1e-07
Residual: 0.34494542382299337
Regularisation: 11.675295683254376
---
Beta Value: 1.7782794100389e-07
Residual: 0.3419991575527127
Regularisation: 11.582676088461463
---
Beta Value: 3.1622776601683e-07
Residual: 0.3399229405879409
Regularisation: 10.970925773184284
---
Beta Value: 5.6234132519034e-07
Residual: 0.3546567437288327
Regularisation: 10.763605987286798
---
Beta Value: 1e-06
Residual: 0.46777539017750014
Regularisation: 30.14196878026953
---
Beta Value: 1.77827941003892e-06
Residual: 0.3429194991825344
Regularisation: 9.524372359848936
---
Beta Value: 3.16227766016837e-06
Residual: 0.3280506763213548
Regularisation: 8.1301684651604
---
Beta Value: 5.62341325190349e-06
Residual: 0.39024361817451575
Regularisation: 26.058322022732614
---
Beta Value: 1e-05
Residual: 0.38763404602266355
Regularisation: 24.19949402639654
---
Beta Value: 1.778279410038922e-05
Residual: 0.3407740264917462
Regularisation: 9.320738065568726
---
Beta Value: 3.162277660168379e-05
Residual: 0.4498775748863557
Regularisation: 34.304370610500484
---
Beta Value: 5.62341325190349e-05
Residual: 0.3360950585806701
Regularisation: 11.3254154643754
---
Beta Value: 0.0001
Residual: 0.4620914910340441
Regularisation: 45.164584001098504
---
Beta Value: 0.00017782794100389227
Residual: 0.3664669135353122
Regularisation: 28.323224908094776
---
Beta Value: 0.00031622776601683794
Residual: 0.3902073817121048
Regularisation: 25.09743589037927
---
Beta Value: 0.0005623413251903491
Residual: 0.3381206534943956
Regularisation: 5.224936658552027
---
Beta Value: 0.001
Residual: 0.3533057047861889
Regularisation: 15.786423355893906
---
Beta Value: 0.0017782794100389228
Residual: 0.3155281967216756
Regularisation: 7.181346854760918
---
Beta Value: 0.0031622776601683794
Residual: 0.3551546029536458
Regularisation: 11.32501888340536
---
Beta Value: 0.005623413251903491
Residual: 0.4486739656420353
Regularisation: 6.380902195942942
---
Beta Value: 0.01
Residual: 0.3674087778866822
Regularisation: 7.465135186877593
---
Beta Value: 0.01778279410038923
Residual: 0.356114613921284
Regularisation: 5.527236854333648
---
Beta Value: 0.03162277660168379
Residual: 0.3309175959018039
Regularisation: 4.763352044023428
---
Beta Value: 0.05623413251903491
Residual: 2.1008447474686878
Regularisation: 0.8372811961453178
---
Beta Value: 0.1
Residual: 2.1147801304760967
Regularisation: 0.6381665343128314
---
Beta Value: 0.1778279410038923
Residual: 2.119930525421056
Regularisation: 0.6100982728743019
---
Beta Value: 0.31622776601683794
Residual: 2.1304198778284515
Regularisation: 0.6707482308416963
---
Beta Value: 0.5623413251903491
Residual: 2.19674209278559
Regularisation: 0.5311411269002645
---
Beta Value: 1.0
Residual: 2.1438704736728953
Regularisation: 0.49815745627041386
---
Beta Value: 1.7782794100389228
Residual: 2.199607159188725
Regularisation: 0.4953759699204964
---
Beta Value: 3.1622776601683795
Residual: 2.209987083190771
Regularisation: 0.34250706594708347
---
Beta Value: 5.623413251903491
Residual: 2.200771252020603
Regularisation: 0.4767042193338189
---
Beta Value: 10.0
Residual: 2.222315300632098
Regularisation: 0.41474360084601547
---
Beta Value: 17.78279410038923
Residual: 2.237957003042644
Regularisation: 0.3904332273957152
---
Beta Value: 31.622776601683793
Residual: 2.239025401491123
Regularisation: 0.49721147388989184
---
Beta Value: 56.23413251903491
Residual: 2.238833736607947
Regularisation: 0.4891770866656223
---
Beta Value: 100.0
Residual: 2.237748046963277
Regularisation: 0.2820939162858098
---
