---
f 1.50561343327
f 0.925559104014
f 6.78333803721
f 2.457333631
f 6.7664341175
f 9.52188005061
f 1.87958741359
f 0.140505331739
f 1.00382919494
f 12.5151587032
f 28.4706908424
f 20.2537002985
