Beta Value: 1e-10
Residual: 0.03162934376056346
Regularisation: 13.931986621804542
---
Beta Value: 1.77827941e-10
Residual: 0.03162934361921421
Regularisation: 13.932199461155719
---
Beta Value: 3.1622776601e-10
Residual: 0.031486117479153725
Regularisation: 14.949763722876764
---
Beta Value: 5.6234132519e-10
Residual: 0.031481801793245424
Regularisation: 15.01985809577613
---
Beta Value: 1e-09
Residual: 0.03194201903672249
Regularisation: 15.371139051059147
---
Beta Value: 1.77827941003e-09
Residual: 0.03188501866211739
Regularisation: 15.320686494899757
---
Beta Value: 3.16227766016e-09
Residual: 0.03190984093716218
Regularisation: 15.173315916328992
---
Beta Value: 5.6234132519e-09
Residual: 0.03179767905436918
Regularisation: 16.44081869870277
---
Beta Value: 1e-08
Residual: 0.029267341590266845
Regularisation: 19.16384232525827
---
Beta Value: 1.778279410038e-08
Residual: 0.03093059169710693
Regularisation: 20.228148869349493
---
Beta Value: 3.162277660168e-08
Residual: 0.027147494960835725
Regularisation: 20.866271274019773
---
Beta Value: 5.623413251903e-08
Residual: 0.02310233933243552
Regularisation: 23.76172593669665
---
Beta Value: 1e-07
Residual: 0.03576628780065241
Regularisation: 6.664326420183469
---
Beta Value: 1.7782794100389e-07
Residual: 0.029066943801945886
Regularisation: 2.910404072365861
---
Beta Value: 3.1622776601683e-07
Residual: 0.02832773409581397
Regularisation: 14.579055318688917
---
Beta Value: 5.6234132519034e-07
Residual: 0.02916830517013284
Regularisation: 7.547447377248251
---
Beta Value: 1e-06
Residual: 0.03104764788192364
Regularisation: 5.548490193237336
---
Beta Value: 1.77827941003892e-06
Residual: 0.02770318076278429
Regularisation: 8.607416986647051
---
Beta Value: 3.16227766016837e-06
Residual: 0.02628843023549723
Regularisation: 7.471592086971665
---
Beta Value: 5.62341325190349e-06
Residual: 0.037211523160629714
Regularisation: 7.191518801880789
---
Beta Value: 1e-05
Residual: 0.03698033920958746
Regularisation: 5.654171914785736
---
Beta Value: 1.778279410038922e-05
Residual: 0.026766887790479248
Regularisation: 4.662694523387172
---
Beta Value: 3.162277660168379e-05
Residual: 0.021430093299227182
Regularisation: 2.98806758580288
---
Beta Value: 5.62341325190349e-05
Residual: 0.03453182350025988
Regularisation: 1.9134785386246453
---
Beta Value: 0.0001
Residual: 0.05298172147761075
Regularisation: 1.8731064659814685
---
Beta Value: 0.00017782794100389227
Residual: 0.03172097055384974
Regularisation: 2.4068984179013793
---
Beta Value: 0.00031622776601683794
Residual: 0.037368960231151355
Regularisation: 1.427848999962256
---
Beta Value: 0.0005623413251903491
Residual: 0.03172985708365681
Regularisation: 1.2262385071242008
---
Beta Value: 0.001
Residual: 0.04295988656066848
Regularisation: 0.9723766914974965
---
Beta Value: 0.0017782794100389228
Residual: 0.050125238269594
Regularisation: 0.7723419621146881
---
Beta Value: 0.0031622776601683794
Residual: 0.050921755937552146
Regularisation: 0.9156396078182559
---
Beta Value: 0.005623413251903491
Residual: 0.063711476895521
Regularisation: 0.9328561485314562
---
Beta Value: 0.01
Residual: 0.06721242106319168
Regularisation: 0.7918053497996024
---
Beta Value: 0.01778279410038923
Residual: 0.10490204551498342
Regularisation: 0.7989605954413792
---
Beta Value: 0.03162277660168379
Residual: 0.07916249528942228
Regularisation: 0.7140009083405113
---
Beta Value: 0.05623413251903491
Residual: 0.12007081163016113
Regularisation: 0.5151620326973723
---
Beta Value: 0.1
Residual: 0.26163064029373617
Regularisation: 0.4892521068542558
---
Beta Value: 0.1778279410038923
Residual: 0.345393482835301
Regularisation: 0.3453102489965778
---
Beta Value: 0.31622776601683794
Residual: 0.36712661226732857
Regularisation: 0.17866101197242593
---
Beta Value: 0.5623413251903491
Residual: 0.3667621768384777
Regularisation: 0.21007367402068583
---
Beta Value: 1.0
Residual: 0.3714360724391092
Regularisation: 0.20110549790163446
---
Beta Value: 1.7782794100389228
Residual: 0.3684718825223257
Regularisation: 0.26556557974009265
---
Beta Value: 3.1622776601683795
Residual: 0.3684759526438323
Regularisation: 0.25055353373665157
---
Beta Value: 5.623413251903491
Residual: 0.36792353149129275
Regularisation: 0.22831994101903647
---
Beta Value: 10.0
Residual: 0.3670817160776394
Regularisation: 0.24266567218725837
---
Beta Value: 17.78279410038923
Residual: 0.37074474707970884
Regularisation: 0.20148689875522424
---
Beta Value: 31.622776601683793
Residual: 0.37010025223963916
Regularisation: 0.1939035619061081
---
Beta Value: 56.23413251903491
Residual: 0.3709725073213509
Regularisation: 0.17025480026807172
---
Beta Value: 100.0
Residual: 0.3689657003106425
Regularisation: 0.19699972561123055
---
