Beta Value: 1e-10
Residual: 0.033242704793857186
Regularisation: 6.76569890046495
---
Beta Value: 1.77827941e-10
Residual: 0.033238988160470107
Regularisation: 6.765803211611721
---
Beta Value: 3.1622776601e-10
Residual: 0.03323869908021443
Regularisation: 6.766395865728412
---
Beta Value: 5.6234132519e-10
Residual: 0.032994583146065216
Regularisation: 6.904369700407436
---
Beta Value: 1e-09
Residual: 0.0331480438268447
Regularisation: 6.838697670301117
---
Beta Value: 1.77827941003e-09
Residual: 0.033096306436198646
Regularisation: 6.835700177203272
---
Beta Value: 3.16227766016e-09
Residual: 0.03311445603399765
Regularisation: 6.8561450380743905
---
Beta Value: 5.6234132519e-09
Residual: 0.03324519771448847
Regularisation: 6.8334450126377435
---
Beta Value: 1e-08
Residual: 0.03349347160007332
Regularisation: 6.696148857830366
---
Beta Value: 1.778279410038e-08
Residual: 0.03340568592890663
Regularisation: 6.788077412113071
---
Beta Value: 3.162277660168e-08
Residual: 0.03411453926423775
Regularisation: 7.104610913339205
---
Beta Value: 5.623413251903e-08
Residual: 0.03332073508203599
Regularisation: 6.951413961210922
---
Beta Value: 1e-07
Residual: 0.03347348250662758
Regularisation: 6.650252632167251
---
Beta Value: 1.7782794100389e-07
Residual: 0.03293490584667301
Regularisation: 6.5879256343687125
---
Beta Value: 3.1622776601683e-07
Residual: 0.03297824029326708
Regularisation: 6.630378941249349
---
Beta Value: 5.6234132519034e-07
Residual: 0.03292518458913353
Regularisation: 6.6546223737834955
---
Beta Value: 1e-06
Residual: 0.03289772800352458
Regularisation: 7.046455161355375
---
Beta Value: 1.77827941003892e-06
Residual: 0.032401941233973774
Regularisation: 7.3289873017985245
---
Beta Value: 3.16227766016837e-06
Residual: 0.03724033745717622
Regularisation: 5.354467033648559
---
Beta Value: 5.62341325190349e-06
Residual: 0.0344532657297104
Regularisation: 5.785361872847852
---
Beta Value: 1e-05
Residual: 0.03436562891963473
Regularisation: 5.818460384730825
---
Beta Value: 1.778279410038922e-05
Residual: 0.037191134024190615
Regularisation: 5.04414781613803
---
Beta Value: 3.162277660168379e-05
Residual: 0.040024934124393514
Regularisation: 4.58223892372033
---
Beta Value: 5.62341325190349e-05
Residual: 0.045677319576627545
Regularisation: 2.550936642029282
---
Beta Value: 0.0001
Residual: 0.04647556332918346
Regularisation: 2.7953398193833023
---
Beta Value: 0.00017782794100389227
Residual: 0.05688413621165364
Regularisation: 2.066721026935232
---
Beta Value: 0.00031622776601683794
Residual: 0.06438007738109819
Regularisation: 1.255589768762413
---
Beta Value: 0.0005623413251903491
Residual: 0.05909921747885148
Regularisation: 1.7896785174286378
---
Beta Value: 0.001
Residual: 0.06153829536392337
Regularisation: 1.4289470894784322
---
Beta Value: 0.0017782794100389228
Residual: 0.07110770762610102
Regularisation: 1.0718836435433812
---
Beta Value: 0.0031622776601683794
Residual: 0.07517619275754628
Regularisation: 0.7822655046254113
---
Beta Value: 0.005623413251903491
Residual: 0.07103622698611503
Regularisation: 1.1603639636044312
---
Beta Value: 0.01
Residual: 0.09242411736993252
Regularisation: 0.5744760801404016
---
Beta Value: 0.01778279410038923
Residual: 0.09184148845786932
Regularisation: 0.7009516968365259
---
Beta Value: 0.03162277660168379
Residual: 0.10231463253210926
Regularisation: 0.7893820752333309
---
Beta Value: 0.05623413251903491
Residual: 0.0842636332507402
Regularisation: 0.5900238171600825
---
Beta Value: 0.1
Residual: 0.1051106297914028
Regularisation: 0.6784264024162218
---
Beta Value: 0.1778279410038923
Residual: 0.37585978668695247
Regularisation: 0.30912579185548156
---
Beta Value: 0.31622776601683794
Residual: 0.37657312407191074
Regularisation: 0.24788358817905895
---
Beta Value: 0.5623413251903491
Residual: 0.3779730465844162
Regularisation: 0.26245800653461077
---
Beta Value: 1.0
Residual: 0.38374449987457704
Regularisation: 0.15645752749573483
---
Beta Value: 1.7782794100389228
Residual: 0.38358379272032933
Regularisation: 0.20853444856110853
---
Beta Value: 3.1622776601683795
Residual: 0.3791636723067371
Regularisation: 0.1816356963365887
---
Beta Value: 5.623413251903491
Residual: 0.3795121281346861
Regularisation: 0.22831994101903647
---
Beta Value: 10.0
Residual: 0.38326861758252817
Regularisation: 0.17706891505979877
---
Beta Value: 17.78279410038923
Residual: 0.382111315416122
Regularisation: 0.20148689875522424
---
Beta Value: 31.622776601683793
Residual: 0.38146333535141397
Regularisation: 0.1904097034806798
---
Beta Value: 56.23413251903491
Residual: 0.382846023621622
Regularisation: 0.16760521349194318
---
Beta Value: 100.0
Residual: 0.3804870031846649
Regularisation: 0.19699972561123055
---
