Beta Value: 1e-10
Residual: 0.038704230740259714
Regularisation: 6.317169329213546
---
Beta Value: 1.77827941e-10
Residual: 0.03870422482176161
Regularisation: 6.315067249244568
---
Beta Value: 3.1622776601e-10
Residual: 0.038704235738129686
Regularisation: 6.316554681251109
---
Beta Value: 5.6234132519e-10
Residual: 0.038704235738129686
Regularisation: 6.316554681251109
---
Beta Value: 1e-09
Residual: 0.0374142631990986
Regularisation: 7.800386985451306
---
Beta Value: 1.77827941003e-09
Residual: 0.0387069145917317
Regularisation: 6.325430372250004
---
Beta Value: 3.16227766016e-09
Residual: 0.03870639211888562
Regularisation: 6.3223380221195224
---
Beta Value: 5.6234132519e-09
Residual: 0.038709254296539417
Regularisation: 6.3227981789689585
---
Beta Value: 1e-08
Residual: 0.03870898962205238
Regularisation: 6.326579153650488
---
Beta Value: 1.778279410038e-08
Residual: 0.01775113125726068
Regularisation: 68.42050071583103
---
Beta Value: 3.162277660168e-08
Residual: 0.01867038397579278
Regularisation: 59.32134265383152
---
Beta Value: 5.623413251903e-08
Residual: 0.017415058520949808
Regularisation: 52.21420823879956
---
Beta Value: 1e-07
Residual: 0.02023446001599196
Regularisation: 37.902898449693964
---
Beta Value: 1.7782794100389e-07
Residual: 0.034762006120893627
Regularisation: 10.210911854907772
---
Beta Value: 3.1622776601683e-07
Residual: 0.024580760405178273
Regularisation: 24.55288996220605
---
Beta Value: 5.6234132519034e-07
Residual: 0.02528010421013996
Regularisation: 18.40656676385403
---
Beta Value: 1e-06
Residual: 0.03764353976509877
Regularisation: 7.703817152972053
---
Beta Value: 1.77827941003892e-06
Residual: 0.0317493239698477
Regularisation: 11.747986438624883
---
Beta Value: 3.16227766016837e-06
Residual: 0.029837313373881742
Regularisation: 10.33315942581558
---
Beta Value: 5.62341325190349e-06
Residual: 0.028269082322265826
Regularisation: 8.665645116917299
---
Beta Value: 1e-05
Residual: 0.03658520517463264
Regularisation: 4.489363468310004
---
Beta Value: 1.778279410038922e-05
Residual: 0.03772226427060217
Regularisation: 4.543565031173049
---
Beta Value: 3.162277660168379e-05
Residual: 0.040793912130063545
Regularisation: 2.813905260318813
---
Beta Value: 5.62341325190349e-05
Residual: 0.042999179152668855
Regularisation: 2.1901242449037266
---
Beta Value: 0.0001
Residual: 0.041948344584392616
Regularisation: 3.3158557927343337
---
Beta Value: 0.00017782794100389227
Residual: 0.049302709492347295
Regularisation: 1.5245853852858313
---
Beta Value: 0.00031622776601683794
Residual: 0.04360228472567873
Regularisation: 1.8689193406019975
---
Beta Value: 0.0005623413251903491
Residual: 0.04600942305932463
Regularisation: 1.7727818892882667
---
Beta Value: 0.001
Residual: 0.05394330293961881
Regularisation: 1.5629222722387106
---
Beta Value: 0.0017782794100389228
Residual: 0.05128581934616168
Regularisation: 1.6367388867737909
---
Beta Value: 0.0031622776601683794
Residual: 0.08079578374944993
Regularisation: 0.5876787480188862
---
Beta Value: 0.005623413251903491
Residual: 0.07482398423466835
Regularisation: 1.1128239509298048
---
Beta Value: 0.01
Residual: 0.07976648074947384
Regularisation: 0.6800133020033415
---
Beta Value: 0.01778279410038923
Residual: 0.07076481703571744
Regularisation: 0.5415563534200228
---
Beta Value: 0.03162277660168379
Residual: 0.10291529699025712
Regularisation: 0.9943538570802077
---
Beta Value: 0.05623413251903491
Residual: 0.45915114058932066
Regularisation: 0.212756924424314
---
Beta Value: 0.1
Residual: 0.4579731511003271
Regularisation: 0.26727583268216754
---
Beta Value: 0.1778279410038923
Residual: 0.45864735145471114
Regularisation: 0.2612305173337672
---
Beta Value: 0.31622776601683794
Residual: 0.4604843722342868
Regularisation: 0.17916708066819131
---
Beta Value: 0.5623413251903491
Residual: 0.46091307248912583
Regularisation: 0.15409831746848246
---
Beta Value: 1.0
Residual: 0.46018616175561267
Regularisation: 0.2550456470700624
---
Beta Value: 1.7782794100389228
Residual: 0.4599400727292109
Regularisation: 0.27476454797923067
---
Beta Value: 3.1622776601683795
Residual: 0.4590124574078825
Regularisation: 0.258431422600078
---
Beta Value: 5.623413251903491
Residual: 0.46087209920415056
Regularisation: 0.20992626970153735
---
Beta Value: 10.0
Residual: 0.4606046094093884
Regularisation: 0.18364532571091285
---
Beta Value: 17.78279410038923
Residual: 0.45926525522446837
Regularisation: 0.2643115106041439
---
Beta Value: 31.622776601683793
Residual: 0.46141676673780496
Regularisation: 0.17131480700049517
---
Beta Value: 56.23413251903491
Residual: 0.46359524630590987
Regularisation: 0.14412144788277287
---
Beta Value: 100.0
Residual: 0.4603748283731206
Regularisation: 0.19700194265399165
---
