Beta Value: 1e-08
Residual: 0.1326049061399534
Regularisation: 4.259777371016398
---
Beta Value: 1.778279410038e-08
Residual: 0.13260474632954433
Regularisation: 4.2579108518798945
---
Beta Value: 3.162277660168e-08
Residual: 0.132604820019395
Regularisation: 4.257478565027489
---
Beta Value: 5.623413251903e-08
Residual: 0.13260455942067798
Regularisation: 4.259518248304752
---
Beta Value: 1e-07
Residual: 0.1334157548103752
Regularisation: 4.100646382907721
---
Beta Value: 1.7782794100389e-07
Residual: 0.07212584345662185
Regularisation: 38.390855361039236
---
Beta Value: 3.1622776601683e-07
Residual: 0.07153512794047391
Regularisation: 49.04242008340988
---
Beta Value: 5.6234132519034e-07
Residual: 0.13295224458290386
Regularisation: 4.05246602894803
---
Beta Value: 1e-06
Residual: 0.08437949453108218
Regularisation: 34.106255346629155
---
Beta Value: 1.77827941003892e-06
Residual: 0.07726831123046828
Regularisation: 27.471531555301606
---
Beta Value: 3.16227766016837e-06
Residual: 0.079251959908613
Regularisation: 16.55866985432931
---
Beta Value: 5.62341325190349e-06
Residual: 0.12641786525735543
Regularisation: 4.091006551551644
---
Beta Value: 1e-05
Residual: 0.0824490142475334
Regularisation: 15.119413455665187
---
Beta Value: 1.778279410038922e-05
Residual: 0.05155685725674569
Regularisation: 4.231420181978019
---
Beta Value: 3.162277660168379e-05
Residual: 0.13645000930294332
Regularisation: 5.9587082988922795
---
Beta Value: 5.62341325190349e-05
Residual: 0.11277486190506657
Regularisation: 4.0880876938891175
---
Beta Value: 0.0001
Residual: 0.11121389542674714
Regularisation: 3.548325704277701
---
Beta Value: 0.00017782794100389227
Residual: 0.11626744514974442
Regularisation: 3.707918398569512
---
Beta Value: 0.00031622776601683794
Residual: 0.1376654135631109
Regularisation: 3.394001232982398
---
Beta Value: 0.0005623413251903491
Residual: 0.1282246931265258
Regularisation: 2.6493690662489873
---
Beta Value: 0.001
Residual: 0.16050558197198636
Regularisation: 1.4355056366924779
---
Beta Value: 0.0017782794100389228
Residual: 0.15976002011713444
Regularisation: 1.0584553832429853
---
Beta Value: 0.0031622776601683794
Residual: 0.20715135358732503
Regularisation: 0.8631686567664478
---
Beta Value: 0.005623413251903491
Residual: 0.18229697140688308
Regularisation: 0.811970772615884
---
Beta Value: 0.01
Residual: 0.2191407011220846
Regularisation: 0.5313819468897057
---
Beta Value: 0.01778279410038923
Residual: 0.22015587835518993
Regularisation: 0.7931066112825037
---
Beta Value: 0.03162277660168379
Residual: 0.4978825743229446
Regularisation: 0.39767995294415925
---
Beta Value: 0.05623413251903491
Residual: 0.49988984158595384
Regularisation: 0.20637374038710593
---
Beta Value: 0.1
Residual: 0.49929035124932963
Regularisation: 0.23736588532887326
---
Beta Value: 0.1778279410038923
Residual: 0.5003423397049975
Regularisation: 0.18087542553078997
---
Beta Value: 0.31622776601683794
Residual: 0.5001305615821098
Regularisation: 0.170035609053222
---
Beta Value: 0.5623413251903491
Residual: 0.5006961625637724
Regularisation: 0.21751883741122457
---
Beta Value: 1.0
Residual: 0.4997832040435344
Regularisation: 0.2336392371001379
---
Beta Value: 1.7782794100389228
Residual: 0.49973766998922403
Regularisation: 0.2540431985940269
---
Beta Value: 3.1622776601683795
Residual: 0.5001160595358288
Regularisation: 0.20138120233809298
---
Beta Value: 5.623413251903491
Residual: 0.5000764667623195
Regularisation: 0.1939421498494306
---
Beta Value: 10.0
Residual: 0.5006999888097242
Regularisation: 0.16357296711268118
---
Beta Value: 17.78279410038923
Residual: 0.50090857918979
Regularisation: 0.18625296829834012
---
Beta Value: 31.622776601683793
Residual: 0.5008002950128243
Regularisation: 0.1898766101299655
---
Beta Value: 56.23413251903491
Residual: 0.500807183598779
Regularisation: 0.18970211268479023
---
Beta Value: 100.0
Residual: 0.5006838446712195
Regularisation: 0.1904919931340786
---
