Beta Value: 0.0
Residual: 0.02905432818378204
Regularisation: 4018.5987822295374
---
Beta Value: 0.0001
Residual: 0.038988179123199684
Regularisation: 8.085720988471875
---
Beta Value: 0.0002
Residual: 0.037085359002558084
Regularisation: 14.565133544630081
---
Beta Value: 0.0003
Residual: 0.037361853560399276
Regularisation: 15.883935522356724
---
Beta Value: 0.0004
Residual: 0.03874471898819021
Regularisation: 12.289255027297251
---
Beta Value: 0.0005
Residual: 0.038284428251173626
Regularisation: 8.859966251505224
---
Beta Value: 0.0006
Residual: 0.03427957375147681
Regularisation: 6.632074009405282
---
Beta Value: 0.0007
Residual: 0.03405956418217001
Regularisation: 5.3418389432377085
---
Beta Value: 0.0008
Residual: 0.03284113346291901
Regularisation: 10.3742746607577
---
Beta Value: 0.0009
Residual: 0.03573243560951181
Regularisation: 5.362504437427016
---
Beta Value: 0.001
Residual: 0.03387558753243664
Regularisation: 4.4887174187033425
---
Beta Value: 0.0011
Residual: 0.034171873768915666
Regularisation: 4.16479226543188
---
Beta Value: 0.0012
Residual: 0.03414127148675252
Regularisation: 4.213112010135973
---
Beta Value: 0.0013
Residual: 0.035057120871342023
Regularisation: 4.050475470157483
---
Beta Value: 0.0014
Residual: 0.03546707084563341
Regularisation: 3.8781979796349138
---
Beta Value: 0.0015
Residual: 0.03421316926350645
Regularisation: 4.478508686967796
---
Beta Value: 0.0016
Residual: 0.034182289816063284
Regularisation: 4.325561864211431
---
Beta Value: 0.0017
Residual: 0.03441039103511168
Regularisation: 4.053739564957344
---
Beta Value: 0.0018
Residual: 0.03574468824688334
Regularisation: 3.6820577300943533
---
Beta Value: 0.0019
Residual: 0.06364700450502718
Regularisation: 9.128952743172725
---
Beta Value: 0.002
Residual: 0.039005159094112805
Regularisation: 3.3193535677198676
---
Beta Value: 0.0021
Residual: 0.23516067566676643
Regularisation: 15.63860794364957
---
Beta Value: 0.0022
Residual: 0.04060309659404281
Regularisation: 5.147356832712871
---
Beta Value: 0.0023
Residual: 0.03908091942862412
Regularisation: 4.167568090276228
---
Beta Value: 0.0024
Residual: 0.03806320261462258
Regularisation: 5.039487444479889
---
Beta Value: 0.0025
Residual: 0.034711856229638086
Regularisation: 4.004305230430752
---
Beta Value: 0.0026
Residual: 0.29060531774993636
Regularisation: 9.841272598767139
---
Beta Value: 0.0027
Residual: 0.0771289152564805
Regularisation: 8.727448756108943
---
Beta Value: 0.0028
Residual: 0.2281759011634058
Regularisation: 6.323719732209606
---
Beta Value: 0.0029
Residual: 0.23151876967687973
Regularisation: 8.874780948637929
---
Beta Value: 0.003
Residual: 0.03951903604286108
Regularisation: 4.4235993612212985
---
Beta Value: 0.0031
Residual: 0.037325038345077936
Regularisation: 3.8906306073158823
---
Beta Value: 0.0032
Residual: 0.03730898251381967
Regularisation: 3.6679837809347298
---
Beta Value: 0.0033
Residual: 0.04999128606136262
Regularisation: 4.387953246947511
---
Beta Value: 0.0034
Residual: 0.13833222317192212
Regularisation: 5.129970797436891
---
Beta Value: 0.0035
Residual: 0.047647316395856225
Regularisation: 3.4835842926951637
---
Beta Value: 0.0036
Residual: 0.04687037564280033
Regularisation: 3.3818492951567642
---
Beta Value: 0.0037
Residual: 0.035678171859684873
Regularisation: 4.703513537419632
---
Beta Value: 0.0038
Residual: 0.048653461255668516
Regularisation: 7.176214390274855
---
Beta Value: 0.0039
Residual: 0.03900426587675429
Regularisation: 3.258662941705126
---
Beta Value: 0.004
Residual: 0.04419100006609962
Regularisation: 5.342602566344461
---
Beta Value: 0.0041
Residual: 0.03654828833215553
Regularisation: 3.0536172050129275
---
Beta Value: 0.0042
Residual: 0.036458877144275835
Regularisation: 3.351042299177616
---
Beta Value: 0.0043
Residual: 0.03745755796540509
Regularisation: 2.9062641207365907
---
Beta Value: 0.0044
Residual: 0.0366859787223637
Regularisation: 3.0231807406862576
---
Beta Value: 0.0045
Residual: 0.03726322494946498
Regularisation: 3.6345484926333467
---
Beta Value: 0.0046
Residual: 0.03686207497098569
Regularisation: 2.988603287384573
---
Beta Value: 0.0047
Residual: 0.03739844465793304
Regularisation: 2.8978102008247997
---
Beta Value: 0.0048
Residual: 0.03843622940300998
Regularisation: 2.820321887404915
---
Beta Value: 0.0049
Residual: 0.03708802281891103
Regularisation: 2.9374140763692056
---
Beta Value: 0.005
Residual: 0.036703426256803534
Regularisation: 3.0193050122052805
---
Beta Value: 0.0051
Residual: 0.03698567884376958
Regularisation: 2.964638940236178
---
Beta Value: 0.0052
Residual: 0.0359133990771738
Regularisation: 3.273831576395608
---
Beta Value: 0.0053
Residual: 0.03816885355810403
Regularisation: 2.8387595932493865
---
Beta Value: 0.0054
Residual: 0.03837309629213497
Regularisation: 2.8761872105373434
---
Beta Value: 0.0055
Residual: 0.036478164593114544
Regularisation: 3.32448723970515
---
Beta Value: 0.0056
Residual: 0.037257206714990526
Regularisation: 2.9057888784059758
---
Beta Value: 0.0057
Residual: 0.037567189691982146
Regularisation: 3.079238251747808
---
Beta Value: 0.0058
Residual: 0.03724578384324233
Regularisation: 2.9190500114207887
---
Beta Value: 0.0059
Residual: 0.03704135371868296
Regularisation: 2.965199743035363
---
Beta Value: 0.006
Residual: 0.04596074651689562
Regularisation: 8.365394890133315
---
Beta Value: 0.0061
Residual: 0.03900705820593129
Regularisation: 3.916178662054491
---
Beta Value: 0.0062
Residual: 0.04073537742783096
Regularisation: 5.557756618846488
---
Beta Value: 0.0063
Residual: 0.03815216832354457
Regularisation: 4.160074232896367
---
Beta Value: 0.0064
Residual: 0.046026970121877946
Regularisation: 6.593005786740047
---
Beta Value: 0.0065
Residual: 0.03532222105182954
Regularisation: 6.098699315912325
---
Beta Value: 0.0066
Residual: 0.03615968679352736
Regularisation: 3.637104949498055
---
Beta Value: 0.0067
Residual: 0.037797436840175766
Regularisation: 3.154949759603549
---
Beta Value: 0.0068
Residual: 0.048235224722940666
Regularisation: 8.677256628170174
---
Beta Value: 0.0069
Residual: 0.04480276990659022
Regularisation: 3.4962840727521587
---
Beta Value: 0.007
Residual: 0.039263744964984415
Regularisation: 5.920193435864231
---
Beta Value: 0.0071
Residual: 0.039321278394918266
Regularisation: 9.606480437679531
---
Beta Value: 0.0072
Residual: 0.037250851286002966
Regularisation: 9.172354050353876
---
Beta Value: 0.0073
Residual: 0.051308916822034124
Regularisation: 8.7329143262777
---
Beta Value: 0.0074
Residual: 0.03991600747131127
Regularisation: 4.621681804108186
---
Beta Value: 0.0075
Residual: 0.05106648449106832
Regularisation: 4.900889825023696
---
Beta Value: 0.0076
Residual: 0.037944679365846556
Regularisation: 3.2117080237826015
---
Beta Value: 0.0077
Residual: 0.045213362830543447
Regularisation: 4.00350487361513
---
Beta Value: 0.0078
Residual: 0.0379479747592687
Regularisation: 2.8003423671748844
---
Beta Value: 0.0079
Residual: 0.03864402551474998
Regularisation: 2.745790862390898
---
Beta Value: 0.008
Residual: 0.04020473883095016
Regularisation: 9.09672382603353
---
Beta Value: 0.0081
Residual: 0.03949023887791123
Regularisation: 9.37344398609993
---
Beta Value: 0.0082
Residual: 0.04145089691031067
Regularisation: 6.456472419485986
---
Beta Value: 0.0083
Residual: 0.03915222477914932
Regularisation: 5.169417162902153
---
Beta Value: 0.0084
Residual: 0.038698971832147135
Regularisation: 2.8810494105667632
---
Beta Value: 0.0085
Residual: 0.038723468286062775
Regularisation: 2.895412700077858
---
Beta Value: 0.0086
Residual: 0.038623828151899894
Regularisation: 3.446974697157732
---
Beta Value: 0.0087
Residual: 0.045323433706684534
Regularisation: 3.8340615577897585
---
Beta Value: 0.0088
Residual: 0.03699562923215625
Regularisation: 3.042415040884654
---
Beta Value: 0.0089
Residual: 0.055076079852338714
Regularisation: 6.200233243490292
---
Beta Value: 0.009
Residual: 0.03916091690973954
Regularisation: 3.1879789876381106
---
Beta Value: 0.0091
Residual: 0.0376977814878783
Regularisation: 3.0442393127240726
---
Beta Value: 0.0092
Residual: 0.037548527634799406
Regularisation: 2.911239459807933
---
Beta Value: 0.0093
Residual: 0.038256912221798355
Regularisation: 2.7640274457925513
---
Beta Value: 0.0094
Residual: 0.037484037351154895
Regularisation: 3.0340268898875475
---
Beta Value: 0.0095
Residual: 0.03829389924538415
Regularisation: 2.760092273094853
---
Beta Value: 0.0096
Residual: 0.03694527608671116
Regularisation: 3.0953084542174927
---
Beta Value: 0.0097
Residual: 0.038329579107100255
Regularisation: 2.75637561657946
---
Beta Value: 0.0098
Residual: 0.03834076391654856
Regularisation: 2.7552337624492265
---
Beta Value: 0.0099
Residual: 0.0383647925294398
Regularisation: 2.752782452052297
---
Beta Value: 0.01
Residual: 0.03838072981605467
Regularisation: 2.7511804330815623
---
