Beta Value: 1e-08
Residual: 0.07149445871742013
Regularisation: 37.79608137075438
---
Beta Value: 1.778279410038e-08
Residual: 0.07144974985913428
Regularisation: 37.31470448925474
---
Beta Value: 3.162277660168e-08
Residual: 0.072082594554655
Regularisation: 41.98902013229108
---
Beta Value: 5.623413251903e-08
Residual: 0.071505479060962
Regularisation: 37.68793492446671
---
Beta Value: 1e-07
Residual: 0.07148015277386517
Regularisation: 37.24479283758527
---
Beta Value: 1.7782794100389e-07
Residual: 0.12684801791762815
Regularisation: 7.5799657348802025
---
Beta Value: 3.1622776601683e-07
Residual: 0.07208372993463323
Regularisation: 41.25243830257132
---
Beta Value: 5.6234132519034e-07
Residual: 0.07558991833670349
Regularisation: 33.028686527841145
---
Beta Value: 1e-06
Residual: 0.12194211650128176
Regularisation: 6.999043998391546
---
Beta Value: 1.77827941003892e-06
Residual: 0.08419684161701459
Regularisation: 34.10573071451583
---
Beta Value: 3.16227766016837e-06
Residual: 0.04655426043420238
Regularisation: 4.983194332319548
---
Beta Value: 5.62341325190349e-06
Residual: 0.12538867805106202
Regularisation: 4.013207785709889
---
Beta Value: 1e-05
Residual: 0.12063426716512025
Regularisation: 3.7429919168837373
---
Beta Value: 1.778279410038922e-05
Residual: 0.09969661823638715
Regularisation: 10.445188314853176
---
Beta Value: 3.162277660168379e-05
Residual: 0.13655466155719315
Regularisation: 5.939026395182596
---
Beta Value: 5.62341325190349e-05
Residual: 0.11283905572640658
Regularisation: 4.071287794554932
---
Beta Value: 0.0001
Residual: 0.11223758026552605
Regularisation: 3.3739599030673038
---
Beta Value: 0.00017782794100389227
Residual: 0.10663149470732808
Regularisation: 4.574430790592907
---
Beta Value: 0.00031622776601683794
Residual: 0.13481773624249574
Regularisation: 3.082011260109965
---
Beta Value: 0.0005623413251903491
Residual: 0.12632371479541799
Regularisation: 2.6839870894877365
---
Beta Value: 0.001
Residual: 0.16049145139723978
Regularisation: 1.4529864358245672
---
Beta Value: 0.0017782794100389228
Residual: 0.15983940270640723
Regularisation: 1.0530467333601903
---
Beta Value: 0.0031622776601683794
Residual: 0.2072422299427687
Regularisation: 0.8536481742542033
---
Beta Value: 0.005623413251903491
Residual: 0.18287658272013368
Regularisation: 0.8120814871845791
---
Beta Value: 0.01
Residual: 0.21923119034166333
Regularisation: 0.5257528667470499
---
Beta Value: 0.01778279410038923
Residual: 0.22033339993923573
Regularisation: 0.8709658138094718
---
Beta Value: 0.03162277660168379
Residual: 0.497882583213323
Regularisation: 0.39767995294415925
---
Beta Value: 0.05623413251903491
Residual: 0.49988982678621574
Regularisation: 0.20637374038710593
---
Beta Value: 0.1
Residual: 0.4992903361920711
Regularisation: 0.23736588532887326
---
Beta Value: 0.1778279410038923
Residual: 0.5003423384518375
Regularisation: 0.18087542553078997
---
Beta Value: 0.31622776601683794
Residual: 0.5001305430996297
Regularisation: 0.170035609053222
---
Beta Value: 0.5623413251903491
Residual: 0.5006961454647636
Regularisation: 0.21751883741122457
---
Beta Value: 1.0
Residual: 0.4997831878692801
Regularisation: 0.2336392371001379
---
Beta Value: 1.7782794100389228
Residual: 0.49973765379129476
Regularisation: 0.2540431985940269
---
Beta Value: 3.1622776601683795
Residual: 0.5001160584081878
Regularisation: 0.20138120233809298
---
Beta Value: 5.623413251903491
Residual: 0.5000764833878709
Regularisation: 0.1939421498494306
---
Beta Value: 10.0
Residual: 0.5006999717850417
Regularisation: 0.16357296711268118
---
Beta Value: 17.78279410038923
Residual: 0.5009085970526089
Regularisation: 0.18625296829834012
---
Beta Value: 31.622776601683793
Residual: 0.5008002940621921
Regularisation: 0.1898766101299655
---
Beta Value: 56.23413251903491
Residual: 0.5008071826782436
Regularisation: 0.18970211268479023
---
Beta Value: 100.0
Residual: 0.5006838276256066
Regularisation: 0.1904919931340786
---
