Beta Value: 1e-08
Residual: 0.027988046119840123
Regularisation: 61.70052079748858
---
Beta Value: 1.778279410038e-08
Residual: 0.0825709934510214
Regularisation: 126.46289359337857
---
Beta Value: 3.162277660168e-08
Residual: 0.024013487879839084
Regularisation: 12.424444816392594
---
Beta Value: 5.623413251903e-08
Residual: 0.019854442210561173
Regularisation: 68.31091204947853
---
Beta Value: 1e-07
Residual: 0.010335336424009443
Regularisation: 21.90767113501902
---
Beta Value: 1.7782794100389e-07
Residual: 0.028841045951818016
Regularisation: 23.857468685170183
---
Beta Value: 3.1622776601683e-07
Residual: 0.009924574751113718
Regularisation: 8.91022593234623
---
Beta Value: 5.6234132519034e-07
Residual: 0.012354387382794808
Regularisation: 7.765200338192098
---
Beta Value: 1e-06
Residual: 0.09398675727685714
Regularisation: 13.50386515592836
---
Beta Value: 1.77827941003892e-06
Residual: 0.09413821736727329
Regularisation: 21.022599635195764
---
Beta Value: 3.16227766016837e-06
Residual: 0.09583033858709604
Regularisation: 15.385475093496073
---
Beta Value: 5.62341325190349e-06
Residual: 0.10173890833801519
Regularisation: 15.010628091239074
---
Beta Value: 1e-05
Residual: 0.09740289138830634
Regularisation: 10.072247282694727
---
Beta Value: 1.778279410038922e-05
Residual: 0.10117921300292447
Regularisation: 9.589001203533433
---
Beta Value: 3.162277660168379e-05
Residual: 0.1102602363832087
Regularisation: 7.377299682592689
---
Beta Value: 5.62341325190349e-05
Residual: 0.12307429737604614
Regularisation: 8.122169934679032
---
Beta Value: 0.0001
Residual: 0.12542524014271444
Regularisation: 4.803122784135759
---
Beta Value: 0.00017782794100389227
Residual: 0.1399224046557879
Regularisation: 1.4493491216750134
---
Beta Value: 0.00031622776601683794
Residual: 0.12161754649885513
Regularisation: 3.1032270908972706
---
Beta Value: 0.0005623413251903491
Residual: 0.1287249339352612
Regularisation: 3.2093157836877144
---
Beta Value: 0.001
Residual: 0.15659923143977603
Regularisation: 2.328912080133368
---
Beta Value: 0.0017782794100389228
Residual: 0.16233904390306209
Regularisation: 1.5740166899927353
---
Beta Value: 0.0031622776601683794
Residual: 0.18437832037063528
Regularisation: 1.1421819418336794
---
Beta Value: 0.005623413251903491
Residual: 0.19066396975417194
Regularisation: 0.8189056080180817
---
Beta Value: 0.01
Residual: 0.205054527164182
Regularisation: 0.9253541211627365
---
Beta Value: 0.01778279410038923
Residual: 0.19307539728761572
Regularisation: 0.8468057525746187
---
Beta Value: 0.03162277660168379
Residual: 0.22334843268434612
Regularisation: 0.4213554150172532
---
Beta Value: 0.05623413251903491
Residual: 0.5280394098891934
Regularisation: 0.3353127413738831
---
Beta Value: 0.1
Residual: 0.528495230938962
Regularisation: 0.27581866076521777
---
Beta Value: 0.1778279410038923
Residual: 0.5307011204677633
Regularisation: 0.16104011804341226
---
Beta Value: 0.31622776601683794
Residual: 0.5312774109306696
Regularisation: 0.1488387944534065
---
Beta Value: 0.5623413251903491
Residual: 0.5300917956817661
Regularisation: 0.16237100163846147
---
Beta Value: 1.0
Residual: 0.5296807937968283
Regularisation: 0.2516590034303649
---
Beta Value: 1.7782794100389228
Residual: 0.5293880633591578
Regularisation: 0.23346730239283314
---
Beta Value: 3.1622776601683795
Residual: 0.5293734134334042
Regularisation: 0.24363217142764515
---
Beta Value: 5.623413251903491
Residual: 0.5299647301444562
Regularisation: 0.2022415599138379
---
Beta Value: 10.0
Residual: 0.5298712860726033
Regularisation: 0.1939421498494306
---
Beta Value: 17.78279410038923
Residual: 0.5306634232731751
Regularisation: 0.16357108194977518
---
Beta Value: 31.622776601683793
Residual: 0.5309936120837658
Regularisation: 0.18622896686885057
---
Beta Value: 56.23413251903491
Residual: 0.5308813155654474
Regularisation: 0.18889133808166797
---
Beta Value: 100.0
Residual: 0.5306426651822068
Regularisation: 0.1904919931340786
---
