Beta Value: 0.0
Residual: 0.02414911777057829
Regularisation: 3.5303312183089295
---
Beta Value: 0.1
Residual: 0.02316992458092533
Regularisation: 1.5217669555205167
---
Beta Value: 0.2
Residual: 0.044920061675389145
Regularisation: 1.2748273430055674
---
Beta Value: 0.3
Residual: 0.07433119799496417
Regularisation: 1.060366780574443
---
Beta Value: 0.4
Residual: 0.0799866853417977
Regularisation: 1.0433429830202057
---
Beta Value: 0.5
Residual: 0.16364305520673594
Regularisation: 0.4784619705193179
---
