Beta Value: 0.015
Residual: 0.03052074118140345
Regularisation: 1.5495967963663544
---
