Beta Value: 1e-10
Residual: 0.03148611732595343
Regularisation: 20.726535315727897
---
Beta Value: 1.77827941e-10
Residual: 0.03148611354807363
Regularisation: 20.7264777156401
---
Beta Value: 3.1622776601e-10
Residual: 0.03172713806114065
Regularisation: 20.936641268687584
---
Beta Value: 5.6234132519e-10
Residual: 0.03188524905636059
Regularisation: 20.904205268841512
---
Beta Value: 1e-09
Residual: 0.03190414137958966
Regularisation: 20.857343218849017
---
Beta Value: 1.77827941003e-09
Residual: 0.029578507890165587
Regularisation: 25.178543075827594
---
Beta Value: 3.16227766016e-09
Residual: 0.0300919017304079
Regularisation: 24.81519436792559
---
Beta Value: 5.6234132519e-09
Residual: 0.02853346108864024
Regularisation: 27.157448537183548
---
Beta Value: 1e-08
Residual: 0.030457422316424895
Regularisation: 23.17657914893137
---
Beta Value: 1.778279410038e-08
Residual: 0.03587251059089514
Regularisation: 12.528489399069965
---
Beta Value: 3.162277660168e-08
Residual: 0.030667247084833565
Regularisation: 12.273617958066783
---
Beta Value: 5.623413251903e-08
Residual: 0.032031635981982456
Regularisation: 11.733319370147635
---
Beta Value: 1e-07
Residual: 0.028733557360652334
Regularisation: 17.590837428814556
---
Beta Value: 1.7782794100389e-07
Residual: 0.03173933584611756
Regularisation: 15.878018953139646
---
Beta Value: 3.1622776601683e-07
Residual: 0.04753112783206691
Regularisation: 9.699390132259747
---
Beta Value: 5.6234132519034e-07
Residual: 0.03974935122386603
Regularisation: 10.525685903202115
---
Beta Value: 1e-06
Residual: 0.04208447532607386
Regularisation: 12.030947047180337
---
Beta Value: 1.77827941003892e-06
Residual: 0.04797645212231165
Regularisation: 8.554338270236611
---
Beta Value: 3.16227766016837e-06
Residual: 0.03388208339844357
Regularisation: 11.977233569520887
---
Beta Value: 5.62341325190349e-06
Residual: 0.03483763331666173
Regularisation: 8.991598600782176
---
Beta Value: 1e-05
Residual: 0.03510060362217223
Regularisation: 8.623434701158867
---
Beta Value: 1.778279410038922e-05
Residual: 0.03939216464338493
Regularisation: 8.403389171096006
---
Beta Value: 3.162277660168379e-05
Residual: 0.031009481412280267
Regularisation: 6.713606414153503
---
Beta Value: 5.62341325190349e-05
Residual: 0.03677170379136912
Regularisation: 7.369030774392721
---
Beta Value: 0.0001
Residual: 0.02863522453408789
Regularisation: 4.945121453047663
---
Beta Value: 0.00017782794100389227
Residual: 0.041504876201539254
Regularisation: 4.718606292716684
---
Beta Value: 0.00031622776601683794
Residual: 0.02742326761549035
Regularisation: 5.608405990998747
---
Beta Value: 0.0005623413251903491
Residual: 0.05728356776602738
Regularisation: 5.416437482926146
---
Beta Value: 0.001
Residual: 0.04610444408275252
Regularisation: 6.021146202289785
---
Beta Value: 0.0017782794100389228
Residual: 0.06980338101816418
Regularisation: 5.69362853774821
---
Beta Value: 0.0031622776601683794
Residual: 0.06389181282331803
Regularisation: 6.271954782344275
---
Beta Value: 0.005623413251903491
Residual: 0.07551400715000665
Regularisation: 6.0765726371715285
---
Beta Value: 0.01
Residual: 0.17452341578841188
Regularisation: 5.623878835203669
---
Beta Value: 0.01778279410038923
Residual: 0.17871920541976252
Regularisation: 5.868686863812705
---
Beta Value: 0.03162277660168379
Residual: 0.14767673941656267
Regularisation: 6.683141053158424
---
Beta Value: 0.05623413251903491
Residual: 0.20389608863335884
Regularisation: 7.497438510283711
---
Beta Value: 0.1
Residual: 0.37629046436600916
Regularisation: 6.677330920948832
---
Beta Value: 0.1778279410038923
Residual: 0.3783936775049211
Regularisation: 6.0548510647427545
---
Beta Value: 0.31622776601683794
Residual: 0.2160640560933232
Regularisation: 6.670822484740784
---
Beta Value: 0.5623413251903491
Residual: 0.19568911549933052
Regularisation: 7.3272254905251275
---
Beta Value: 1.0
Residual: 0.1396311106968516
Regularisation: 7.03687903267511
---
Beta Value: 1.7782794100389228
Residual: 0.13344847305186083
Regularisation: 7.095489664473286
---
Beta Value: 3.1622776601683795
Residual: 0.2498506021771501
Regularisation: 7.050336369239362
---
Beta Value: 5.623413251903491
Residual: 0.1431546230401077
Regularisation: 7.117638352050194
---
Beta Value: 10.0
Residual: 0.1381198520856946
Regularisation: 7.126149694718939
---
Beta Value: 17.78279410038923
Residual: 0.137851522826689
Regularisation: 7.12620656370731
---
Beta Value: 31.622776601683793
Residual: 0.14328081043273075
Regularisation: 7.118201561415901
---
Beta Value: 56.23413251903491
Residual: 0.1432919107318846
Regularisation: 7.117490463704698
---
Beta Value: 100.0
Residual: 0.1434363334123095
Regularisation: 7.117269047855087
---
