Beta Value: 1e-10
Residual: 0.06082996367646623
Regularisation: 7.280324188390452
---
Beta Value: 1.77827941e-10
Residual: 0.06082996367582295
Regularisation: 7.280333710990645
---
Beta Value: 3.1622776601e-10
Residual: 0.06082996372977099
Regularisation: 7.280367428554615
---
Beta Value: 5.6234132519e-10
Residual: 0.06082996374681662
Regularisation: 7.280340931533868
---
Beta Value: 1e-09
Residual: 0.06082996373323624
Regularisation: 7.280307221160957
---
Beta Value: 1.77827941003e-09
Residual: 0.060829963693451776
Regularisation: 7.280328582821427
---
Beta Value: 3.16227766016e-09
Residual: 0.0608299672240023
Regularisation: 7.280181426870429
---
Beta Value: 5.6234132519e-09
Residual: 0.06083095338765939
Regularisation: 7.280539401035949
---
Beta Value: 1e-08
Residual: 0.060830953269016275
Regularisation: 7.280293719227986
---
Beta Value: 1.778279410038e-08
Residual: 0.060181578477601555
Regularisation: 8.242049243076949
---
Beta Value: 3.162277660168e-08
Residual: 0.06549827324630926
Regularisation: 5.965632496332832
---
Beta Value: 5.623413251903e-08
Residual: 0.06538653641645586
Regularisation: 5.9779300236125845
---
Beta Value: 1e-07
Residual: 0.06651997466636671
Regularisation: 5.704840866089429
---
Beta Value: 1.7782794100389e-07
Residual: 0.06361435841915074
Regularisation: 5.663321007666006
---
Beta Value: 3.1622776601683e-07
Residual: 0.045748210440550385
Regularisation: 36.30230091941603
---
Beta Value: 5.6234132519034e-07
Residual: 0.06044085486294939
Regularisation: 6.356200676313557
---
Beta Value: 1e-06
Residual: 0.06334032801612506
Regularisation: 6.062724996205539
---
Beta Value: 1.77827941003892e-06
Residual: 0.06030187318510137
Regularisation: 8.61203044466255
---
Beta Value: 3.16227766016837e-06
Residual: 0.0740944147808483
Regularisation: 3.4709567235557186
---
Beta Value: 5.62341325190349e-06
Residual: 0.05783715711200352
Regularisation: 9.535051596338302
---
Beta Value: 1e-05
Residual: 0.05962924244450646
Regularisation: 7.8982931813816615
---
Beta Value: 1.778279410038922e-05
Residual: 0.05094610550679431
Regularisation: 7.389463323930595
---
Beta Value: 3.162277660168379e-05
Residual: 0.08339808941850213
Regularisation: 7.101476182605795
---
Beta Value: 5.62341325190349e-05
Residual: 0.06759873224212333
Regularisation: 4.02878573185181
---
Beta Value: 0.0001
Residual: 0.07920137125946862
Regularisation: 4.864520665841323
---
Beta Value: 0.00017782794100389227
Residual: 0.07446879729316117
Regularisation: 3.0848269465414013
---
Beta Value: 0.00031622776601683794
Residual: 0.10885109512807702
Regularisation: 3.2457929632640816
---
Beta Value: 0.0005623413251903491
Residual: 0.07310376658097494
Regularisation: 1.3938285508496568
---
Beta Value: 0.001
Residual: 0.07646265406569377
Regularisation: 1.7423748299820605
---
Beta Value: 0.0017782794100389228
Residual: 0.16950282273216394
Regularisation: 2.0228909220050535
---
Beta Value: 0.0031622776601683794
Residual: 0.1168789735278309
Regularisation: 1.4375918258551237
---
Beta Value: 0.005623413251903491
Residual: 0.10099540092388491
Regularisation: 1.243915887009925
---
Beta Value: 0.01
Residual: 0.1366210742071286
Regularisation: 1.3320174687641995
---
Beta Value: 0.01778279410038923
Residual: 0.19131011806910192
Regularisation: 1.0753970645784023
---
Beta Value: 0.03162277660168379
Residual: 0.19279223914831045
Regularisation: 0.6746706739804139
---
Beta Value: 0.05623413251903491
Residual: 0.2606213080790437
Regularisation: 0.7238950227847912
---
Beta Value: 0.1
Residual: 0.24565041118395264
Regularisation: 0.5372810498981856
---
Beta Value: 0.1778279410038923
Residual: 0.22776787872127488
Regularisation: 0.6764743373474051
---
Beta Value: 0.31622776601683794
Residual: 0.561663039917748
Regularisation: 0.275742810245043
---
Beta Value: 0.5623413251903491
Residual: 0.5583329391999574
Regularisation: 0.36566250663725547
---
Beta Value: 1.0
Residual: 0.5616222145392032
Regularisation: 0.1998800301357585
---
Beta Value: 1.7782794100389228
Residual: 0.5642034760878145
Regularisation: 0.19989483079239173
---
Beta Value: 3.1622776601683795
Residual: 0.5607492498652494
Regularisation: 0.189558258334791
---
Beta Value: 5.623413251903491
Residual: 0.5612796595566268
Regularisation: 0.2512426424373003
---
Beta Value: 10.0
Residual: 0.5637096727364691
Regularisation: 0.17810464931309966
---
Beta Value: 17.78279410038923
Residual: 0.5602354144128824
Regularisation: 0.24305985995196616
---
Beta Value: 31.622776601683793
Residual: 0.56300328251694
Regularisation: 0.20261082396892716
---
Beta Value: 56.23413251903491
Residual: 0.5623538876307674
Regularisation: 0.19038684544765344
---
Beta Value: 100.0
Residual: 0.561548961393356
Regularisation: 0.19699972561123055
---
