Beta Value: 1e-10
Residual: 0.052499880654457175
Regularisation: 223.47238881988167
---
Beta Value: 1.77827941e-10
Residual: 0.06149599749722507
Regularisation: 103.26778854955514
---
Beta Value: 3.1622776601e-10
Residual: 0.04880989321832715
Regularisation: 181.72589488903589
---
Beta Value: 5.6234132519e-10
Residual: 0.07824190807019736
Regularisation: 200.49851705973438
---
Beta Value: 1e-09
Residual: 0.05292505926826353
Regularisation: 149.4079470078602
---
Beta Value: 1.77827941003e-09
Residual: 0.04931829225260083
Regularisation: 324.37574040162326
---
Beta Value: 3.16227766016e-09
Residual: 0.04364608027438524
Regularisation: 185.58537415902816
---
Beta Value: 5.6234132519e-09
Residual: 0.04582979058565539
Regularisation: 154.0983006588049
---
Beta Value: 1e-09
Residual: 0.05292505926826353
Regularisation: 149.4079470078602
---
Beta Value: 1.77827941003e-09
Residual: 0.04931829225260083
Regularisation: 324.37574040162326
---
Beta Value: 3.16227766016e-09
Residual: 0.04364608027438524
Regularisation: 185.58537415902816
---
Beta Value: 5.6234132519e-09
Residual: 0.04582979058565539
Regularisation: 154.0983006588049
---
Beta Value: 1e-08
Residual: 0.046308061762078946
Regularisation: 38.40400596524426
---
Beta Value: 1.778279410038e-08
Residual: 0.12097566316279904
Regularisation: 11.91368252235381
---
Beta Value: 3.162277660168e-08
Residual: 0.0958111606061181
Regularisation: 23.133320697942242
---
Beta Value: 5.623413251903e-08
Residual: 0.015858845512625175
Regularisation: 37.10726349246926
---
Beta Value: 1e-07
Residual: 0.023763430296454287
Regularisation: 46.557915479099044
---
Beta Value: 1.7782794100389e-07
Residual: 0.0303791206172793
Regularisation: 27.886917433380567
---
Beta Value: 3.1622776601683e-07
Residual: 0.09551923828735918
Regularisation: 26.980407513742858
---
Beta Value: 5.6234132519034e-07
Residual: 0.0938595256559373
Regularisation: 39.509753327784274
---
Beta Value: 1e-06
Residual: 0.09358694183051137
Regularisation: 20.653234455145757
---
Beta Value: 1.77827941003892e-06
Residual: 0.02335022494800827
Regularisation: 16.393886515677337
---
Beta Value: 3.16227766016837e-06
Residual: 0.09484559059512958
Regularisation: 15.58025893361597
---
Beta Value: 5.62341325190349e-06
Residual: 0.10415980801805895
Regularisation: 13.08197413899001
---
Beta Value: 1e-05
Residual: 0.09407439325002384
Regularisation: 10.169670101943067
---
Beta Value: 1.778279410038922e-05
Residual: 0.10947929318679266
Regularisation: 7.249844242479349
---
Beta Value: 3.162277660168379e-05
Residual: 0.11599165269624381
Regularisation: 7.876610275376497
---
Beta Value: 5.62341325190349e-05
Residual: 0.10903104705804766
Regularisation: 7.109596810802085
---
Beta Value: 0.0001
Residual: 0.11679646999452205
Regularisation: 5.510773902083271
---
Beta Value: 0.00017782794100389227
Residual: 0.13266684999756234
Regularisation: 3.7424789678190478
---
Beta Value: 0.00031622776601683794
Residual: 0.12431982766581827
Regularisation: 2.5943693948620323
---
Beta Value: 0.0005623413251903491
Residual: 0.12872489432650314
Regularisation: 3.2092931244498986
---
Beta Value: 0.001
Residual: 0.1508874207623186
Regularisation: 1.682179752286443
---
Beta Value: 0.0017782794100389228
Residual: 0.16234837435657745
Regularisation: 1.5735607631523176
---
Beta Value: 0.0031622776601683794
Residual: 0.18439468580481294
Regularisation: 1.140604465892837
---
Beta Value: 0.005623413251903491
Residual: 0.18995044826633317
Regularisation: 0.8329696368713533
---
Beta Value: 0.01
Residual: 0.20748830958674055
Regularisation: 0.9231945209744264
---
Beta Value: 0.01778279410038923
Residual: 0.19212671937028805
Regularisation: 0.8591947600559436
---
Beta Value: 0.03162277660168379
Residual: 0.21091343539567978
Regularisation: 0.7177563412902631
---
Beta Value: 0.05623413251903491
Residual: 0.5280393879891871
Regularisation: 0.3353127413738831
---
Beta Value: 0.1
Residual: 0.5284952268110645
Regularisation: 0.27581866076521777
---
Beta Value: 0.1778279410038923
Residual: 0.5307011246203304
Regularisation: 0.16104011804341226
---
Beta Value: 0.31622776601683794
Residual: 0.5312774103210659
Regularisation: 0.1488387944534065
---
Beta Value: 0.5623413251903491
Residual: 0.5300918081971902
Regularisation: 0.16237100163846147
---
Beta Value: 1.0
Residual: 0.529680791937313
Regularisation: 0.2516590034303649
---
Beta Value: 1.7782794100389228
Residual: 0.5293880712337603
Regularisation: 0.23346730239283314
---
Beta Value: 3.1622776601683795
Residual: 0.5293734116154958
Regularisation: 0.24363217142764515
---
Beta Value: 5.623413251903491
Residual: 0.5299647263651471
Regularisation: 0.2022415599138379
---
Beta Value: 10.0
Residual: 0.5298712958979632
Regularisation: 0.1939421498494306
---
Beta Value: 17.78279410038923
Residual: 0.5306634229472567
Regularisation: 0.16357108194977518
---
Beta Value: 31.622776601683793
Residual: 0.5309936123543018
Regularisation: 0.18622896686885057
---
Beta Value: 56.23413251903491
Residual: 0.5308813151249056
Regularisation: 0.18889133808166797
---
Beta Value: 100.0
Residual: 0.5306426648521352
Regularisation: 0.1904919931340786
---
