Beta Value: 1e-10
Residual: 0.08490353934698616
Regularisation: 155.29139751849917
---
Beta Value: 1.77827941e-10
Residual: 0.08490131070914099
Regularisation: 154.82096328431052
---
Beta Value: 3.1622776601e-10
Residual: 0.08489748645189421
Regularisation: 153.9645772600125
---
Beta Value: 5.6234132519e-10
Residual: 0.08489671210549275
Regularisation: 153.27121780497617
---
Beta Value: 1e-09
Residual: 0.08489962828181005
Regularisation: 153.22789753128072
---
Beta Value: 1.77827941003e-09
Residual: 0.08490036603231521
Regularisation: 151.5860586505671
---
Beta Value: 3.16227766016e-09
Residual: 0.0849059074529018
Regularisation: 150.89796386242395
---
Beta Value: 5.6234132519e-09
Residual: 0.08492313339162115
Regularisation: 148.4017473166978
---
Beta Value: 1e-08
Residual: 0.08497491362173744
Regularisation: 144.49087882895503
---
Beta Value: 1.778279410038e-08
Residual: 0.08510631275951235
Regularisation: 138.67467705601075
---
Beta Value: 3.162277660168e-08
Residual: 0.0854269545791789
Regularisation: 130.64805400337914
---
Beta Value: 5.623413251903e-08
Residual: 0.08595010987749806
Regularisation: 102.17859155916906
---
Beta Value: 1e-07
Residual: 0.08762915087564173
Regularisation: 105.45100076084448
---
Beta Value: 1.7782794100389e-07
Residual: 0.08889895304523883
Regularisation: 89.36716399427993
---
Beta Value: 3.1622776601683e-07
Residual: 0.09192597275724973
Regularisation: 84.24369111329376
---
Beta Value: 5.6234132519034e-07
Residual: 0.09428991891380425
Regularisation: 63.38268796723679
---
Beta Value: 1e-06
Residual: 0.09942689783107671
Regularisation: 49.14539838422301
---
Beta Value: 1.77827941003892e-06
Residual: 0.10322021431749155
Regularisation: 41.29261811982892
---
Beta Value: 3.16227766016837e-06
Residual: 0.10813547132510862
Regularisation: 31.18659371280779
---
Beta Value: 5.62341325190349e-06
Residual: 0.06796023007643874
Regularisation: 10.753779762100347
---
Beta Value: 1e-05
Residual: 0.17006163656945614
Regularisation: 33.09754683655106
---
Beta Value: 1.778279410038922e-05
Residual: 0.023480670420325655
Regularisation: 8.704211830396549
---
Beta Value: 3.162277660168379e-05
Residual: 0.02330543189978085
Regularisation: 11.267924555510625
---
Beta Value: 5.62341325190349e-05
Residual: 0.05735422522627819
Regularisation: 6.523999057959931
---
Beta Value: 0.0001
Residual: 0.1427376129884705
Regularisation: 9.961469290276993
---
Beta Value: 0.00017782794100389227
Residual: 0.03679927867627548
Regularisation: 4.961415760082413
---
Beta Value: 0.00031622776601683794
Residual: 0.18648285235960657
Regularisation: 4.527973016985689
---
Beta Value: 0.0005623413251903491
Residual: 0.21314942742691942
Regularisation: 4.278093975752573
---
Beta Value: 0.001
Residual: 0.22487429681905266
Regularisation: 2.111923040221868
---
Beta Value: 0.0017782794100389228
Residual: 0.293791369036954
Regularisation: 0.9482558068774418
---
Beta Value: 0.0031622776601683794
Residual: 0.0717439500762142
Regularisation: 2.4464942418182685
---
Beta Value: 0.005623413251903491
Residual: 0.3156082454345716
Regularisation: 0.9426129022694238
---
Beta Value: 0.01
Residual: 0.319039681317613
Regularisation: 0.6055780851497597
---
Beta Value: 0.01778279410038923
Residual: 0.3094176550106856
Regularisation: 0.5984550942655932
---
Beta Value: 0.03162277660168379
Residual: 0.3399311776104968
Regularisation: 0.8912333397610228
---
Beta Value: 0.05623413251903491
Residual: 0.5780193222387928
Regularisation: 0.8404436584684928
---
Beta Value: 0.1
Residual: 0.6068877253653479
Regularisation: 0.1780294427943811
---
Beta Value: 0.1778279410038923
Residual: 0.6067740801733935
Regularisation: 0.24366875615748926
---
Beta Value: 0.31622776601683794
Residual: 0.6082835826577252
Regularisation: 0.13844801757332909
---
Beta Value: 0.5623413251903491
Residual: 0.6074395479256124
Regularisation: 0.13700099412762715
---
Beta Value: 1.0
Residual: 0.607778788923563
Regularisation: 0.2434888462788879
---
Beta Value: 1.7782794100389228
Residual: 0.6075366178833813
Regularisation: 0.25931062389042747
---
Beta Value: 3.1622776601683795
Residual: 0.6074294538360275
Regularisation: 0.2296649624496584
---
Beta Value: 5.623413251903491
Residual: 0.6081367609567588
Regularisation: 0.19601113558397548
---
Beta Value: 10.0
Residual: 0.6083919757415752
Regularisation: 0.19788621049277116
---
Beta Value: 17.78279410038923
Residual: 0.6083548794275693
Regularisation: 0.1710617250941441
---
Beta Value: 31.622776601683793
Residual: 0.6083538363877597
Regularisation: 0.16916796313070226
---
Beta Value: 56.23413251903491
Residual: 0.6077239848954131
Regularisation: 0.1970011042927314
---
Beta Value: 100.0
Residual: 0.6077239946488437
Regularisation: 0.19700194265399165
---
