Beta Value: 1e-10
Residual: 0.07168484036904264
Regularisation: 32.9095654987182
---
Beta Value: 1.77827941e-10
Residual: 0.07168484036904264
Regularisation: 32.9095654987182
---
Beta Value: 3.1622776601e-10
Residual: 0.07168484036904264
Regularisation: 32.9095654987182
---
Beta Value: 5.6234132519e-10
Residual: 0.07168484036904264
Regularisation: 32.9095654987182
---
Beta Value: 1e-09
Residual: 0.07176927494804268
Regularisation: 32.406964946051076
---
Beta Value: 1.77827941003e-09
Residual: 0.07173583946964977
Regularisation: 34.02798032593328
---
Beta Value: 3.16227766016e-09
Residual: 0.07173366822516876
Regularisation: 34.04581205990136
---
Beta Value: 5.6234132519e-09
Residual: 0.07167926052638068
Regularisation: 34.945959414314125
---
Beta Value: 1e-08
Residual: 0.07181816470864666
Regularisation: 34.11135444607257
---
Beta Value: 1.778279410038e-08
Residual: 0.0713860061488392
Regularisation: 36.05052312590752
---
Beta Value: 3.162277660168e-08
Residual: 0.07172824062263677
Regularisation: 35.24222246615648
---
Beta Value: 5.623413251903e-08
Residual: 0.07169933827967716
Regularisation: 32.35061782628348
---
Beta Value: 1e-07
Residual: 0.07159330587897657
Regularisation: 33.08587925276307
---
Beta Value: 1.7782794100389e-07
Residual: 0.07165357812814761
Regularisation: 39.35486527848692
---
Beta Value: 3.1622776601683e-07
Residual: 0.07214043561580362
Regularisation: 43.117351085538715
---
Beta Value: 5.6234132519034e-07
Residual: 0.07144511243920952
Regularisation: 37.721249352710124
---
Beta Value: 1e-06
Residual: 0.07143884049984879
Regularisation: 37.95047169374611
---
Beta Value: 1.77827941003892e-06
Residual: 0.07141573470954496
Regularisation: 37.58562170109809
---
Beta Value: 3.16227766016837e-06
Residual: 0.07185639446140434
Regularisation: 32.129182317748715
---
Beta Value: 5.62341325190349e-06
Residual: 0.13432507382639985
Regularisation: 4.787541354005535
---
Beta Value: 1e-05
Residual: 0.07784294926854238
Regularisation: 95.3877321154606
---
Beta Value: 1.778279410038922e-05
Residual: 0.07567503159936682
Regularisation: 86.01874072010172
---
Beta Value: 3.162277660168379e-05
Residual: 0.07625648395967863
Regularisation: 49.92449615419697
---
Beta Value: 5.62341325190349e-05
Residual: 0.07590756460201958
Regularisation: 70.39483458659895
---
Beta Value: 0.0001
Residual: 0.012276977275077169
Regularisation: 14.424219122724544
---
Beta Value: 0.00017782794100389227
Residual: 0.07278929591151996
Regularisation: 31.611304360327996
---
Beta Value: 0.00031622776601683794
Residual: 0.0712491124123011
Regularisation: 18.663125671956617
---
Beta Value: 0.0005623413251903491
Residual: 0.001989522570121226
Regularisation: 4.575979506592106
---
Beta Value: 0.001
Residual: 0.08116647655918349
Regularisation: 12.953296499420142
---
Beta Value: 0.0017782794100389228
Residual: 0.09512926611708954
Regularisation: 10.35064976650116
---
Beta Value: 0.0031622776601683794
Residual: 0.1106278917738512
Regularisation: 8.635767232105302
---
Beta Value: 0.005623413251903491
Residual: 0.019821225815955426
Regularisation: 6.281938591418616
---
Beta Value: 0.01
Residual: 0.14119639338308196
Regularisation: 1.4668213255482534
---
Beta Value: 0.01778279410038923
Residual: 0.18255110303946387
Regularisation: 1.3414967804964215
---
Beta Value: 0.03162277660168379
Residual: 0.18164212380371533
Regularisation: 2.077091570338031
---
Beta Value: 0.05623413251903491
Residual: 0.17576595631510347
Regularisation: 1.796914882759567
---
Beta Value: 0.1
Residual: 0.499676743100104
Regularisation: 0.7652242504717339
---
Beta Value: 0.1778279410038923
Residual: 0.49939901645802637
Regularisation: 0.799363545372895
---
Beta Value: 0.31622776601683794
Residual: 0.500247414634026
Regularisation: 0.6962305469580152
---
Beta Value: 0.5623413251903491
Residual: 0.4999844352251487
Regularisation: 0.8053342929838047
---
Beta Value: 1.0
Residual: 0.5000441685371999
Regularisation: 0.8012096095479807
---
Beta Value: 1.7782794100389228
Residual: 0.4997977712526107
Regularisation: 0.7823152836160118
---
Beta Value: 3.1622776601683795
Residual: 0.499800495158301
Regularisation: 0.8011658793611124
---
Beta Value: 5.623413251903491
Residual: 0.5000721105919513
Regularisation: 0.7243958262774148
---
Beta Value: 10.0
Residual: 0.5000755990810638
Regularisation: 0.7270767334911701
---
Beta Value: 17.78279410038923
Residual: 0.5008071820983703
Regularisation: 0.7242297629338351
---
Beta Value: 31.622776601683793
Residual: 0.5008145472969262
Regularisation: 0.7248171565018748
---
Beta Value: 56.23413251903491
Residual: 0.5008970888625287
Regularisation: 0.697918022768194
---
Beta Value: 100.0
Residual: 0.5009350168974374
Regularisation: 0.6988504652496571
---
