Beta Value: 1e-08
Residual: 0.031482871244314606
Regularisation: 1.9703872900833854
---
Beta Value: 1.778279410038e-08
Residual: 0.03148287131221798
Regularisation: 1.9701977942859479
---
Beta Value: 3.162277660168e-08
Residual: 0.031482871497052076
Regularisation: 1.9702460374494866
---
Beta Value: 5.623413251903e-08
Residual: 0.030677840469907167
Regularisation: 4.98272526760492
---
Beta Value: 1e-07
Residual: 0.03167444756143877
Regularisation: 0.7424907197801751
---
Beta Value: 1.7782794100389e-07
Residual: 0.0316654887244691
Regularisation: 0.7922132398947532
---
Beta Value: 3.1622776601683e-07
Residual: 0.03168741636220057
Regularisation: 0.6351800820803017
---
Beta Value: 5.6234132519034e-07
Residual: 0.02937901310344216
Regularisation: 6.399158575626366
---
Beta Value: 1e-06
Residual: 0.015588383487490517
Regularisation: 25.186670396530864
---
Beta Value: 1.77827941003892e-06
Residual: 0.03053122927582616
Regularisation: 6.391781905208308
---
Beta Value: 3.16227766016837e-06
Residual: 0.02942766666165963
Regularisation: -3.218902328188639
---
Beta Value: 5.62341325190349e-06
Residual: 0.0283334193854927
Regularisation: 10.104352051083442
---
Beta Value: 1e-05
Residual: 0.033819059099699976
Regularisation: -9.60297763849847
---
Beta Value: 1.778279410038922e-05
Residual: 0.02975338295262896
Regularisation: -7.656397644502984
---
Beta Value: 3.162277660168379e-05
Residual: 0.030123456593857713
Regularisation: -6.090760901361549
---
Beta Value: 5.62341325190349e-05
Residual: 0.02911182333172097
Regularisation: -4.835402682339552
---
Beta Value: 0.0001
Residual: 0.022202641162993596
Regularisation: -1.291784213574596
---
Beta Value: 0.00017782794100389227
Residual: 0.031619767136568125
Regularisation: 6.704765793290907
---
Beta Value: 0.00031622776601683794
Residual: 0.03865321813959784
Regularisation: 17.433261388416437
---
Beta Value: 0.0005623413251903491
Residual: 0.026617752779543435
Regularisation: -7.533448986311116
---
Beta Value: 0.001
Residual: 0.03710620590521464
Regularisation: -8.066550065035234
---
Beta Value: 0.0017782794100389228
Residual: 0.049984957388735006
Regularisation: -9.14903225088615
---
Beta Value: 0.0031622776601683794
Residual: 0.0532246864944566
Regularisation: -10.749374450716202
---
Beta Value: 0.005623413251903491
Residual: 0.03456856343744604
Regularisation: -11.207140933124258
---
Beta Value: 0.01
Residual: 0.055163763020847384
Regularisation: -11.18953272641819
---
Beta Value: 0.01778279410038923
Residual: 0.0637144595418176
Regularisation: -10.652529825211865
---
Beta Value: 0.03162277660168379
Residual: 0.06238672944465973
Regularisation: -11.747254624941416
---
Beta Value: 0.05623413251903491
Residual: 0.1384582323171041
Regularisation: -12.039001082511312
---
Beta Value: 0.1
Residual: 0.09629464778134288
Regularisation: -12.401800703475532
---
Beta Value: 0.1778279410038923
Residual: 0.10473082744709739
Regularisation: -12.415516287803396
---
Beta Value: 0.31622776601683794
Residual: 0.23234401311749436
Regularisation: -12.318320101196406
---
Beta Value: 0.5623413251903491
Residual: 0.2987814383479223
Regularisation: -12.436023269629988
---
Beta Value: 1.0
Residual: 0.3632315499188604
Regularisation: -12.575387606594624
---
Beta Value: 1.7782794100389228
Residual: 0.3652307496760455
Regularisation: -12.757652475423388
---
Beta Value: 3.1622776601683795
Residual: 0.365933387710567
Regularisation: -12.761880612113293
---
Beta Value: 5.623413251903491
Residual: 0.3651314289248954
Regularisation: -12.708205597277635
---
Beta Value: 10.0
Residual: 0.36457162119382214
Regularisation: -12.676115125473624
---
Beta Value: 17.78279410038923
Residual: 0.369650624031988
Regularisation: -12.69394490231969
---
Beta Value: 31.622776601683793
Residual: 0.36479445351490697
Regularisation: -12.73853962890107
---
Beta Value: 56.23413251903491
Residual: 0.3651114362445508
Regularisation: -12.71271725367093
---
Beta Value: 100.0
Residual: 0.3651112151326898
Regularisation: -12.71271576199072
---
