Beta Value: 1e-10
Residual: 0.07168484036904264
Regularisation: 32.74352583297986
---
Beta Value: 1.77827941e-10
Residual: 0.07168484036904264
Regularisation: 32.74352583297986
---
Beta Value: 3.1622776601e-10
Residual: 0.07168484036904264
Regularisation: 32.74352583297986
---
Beta Value: 5.6234132519e-10
Residual: 0.07168484036904264
Regularisation: 32.74352583297986
---
Beta Value: 1e-09
Residual: 0.07176927494804268
Regularisation: 32.24092528031274
---
Beta Value: 1.77827941003e-09
Residual: 0.07173583946964977
Regularisation: 33.86194066019494
---
Beta Value: 3.16227766016e-09
Residual: 0.07173366822516876
Regularisation: 33.87977239416302
---
Beta Value: 5.6234132519e-09
Residual: 0.07167926052638068
Regularisation: 34.779919748575786
---
Beta Value: 1e-10
Residual: 0.07168484036904264
Regularisation: 9.27366044207588
---
Beta Value: 1.77827941e-10
Residual: 0.07168484036904264
Regularisation: 9.27366044207588
---
Beta Value: 3.1622776601e-10
Residual: 0.07168484036904264
Regularisation: 9.27366044207588
---
Beta Value: 5.6234132519e-10
Residual: 0.07168484036904264
Regularisation: 9.27366044207588
---
Beta Value: 1e-09
Residual: 0.07168484036904264
Regularisation: 9.27366044207588
---
Beta Value: 1.77827941003e-09
Residual: 0.07168484036904264
Regularisation: 9.27366044207588
---
Beta Value: 3.16227766016e-09
Residual: 0.07176927494804268
Regularisation: 9.130060284170986
---
Beta Value: 5.6234132519e-09
Residual: 0.07173583946964977
Regularisation: 9.5932075355659
---
Beta Value: 1e-08
Residual: 0.07142600796477742
Regularisation: 10.465360441029276
---
Beta Value: 1.778279410038e-08
Residual: 0.07135128251116184
Regularisation: 10.486490805151536
---
Beta Value: 3.162277660168e-08
Residual: 0.07202173868398963
Regularisation: 10.689377957850574
---
Beta Value: 5.623413251903e-08
Residual: 0.07145966143447148
Regularisation: 9.647447525811394
---
Beta Value: 1e-07
Residual: 0.07161224743399203
Regularisation: 10.531418048072029
---
Beta Value: 1.7782794100389e-07
Residual: 0.07139771394259561
Regularisation: 10.760425908876094
---
Beta Value: 3.1622776601683e-07
Residual: 0.07211437881283252
Regularisation: 12.11340912368453
---
Beta Value: 5.6234132519034e-07
Residual: 0.07145844543033662
Regularisation: 10.210210534862611
---
Beta Value: 1e-06
Residual: 0.07214043516511173
Regularisation: 12.190392833157961
---
Beta Value: 1.77827941003892e-06
Residual: 0.07214046048276285
Regularisation: 12.18972912670006
---
Beta Value: 3.16227766016837e-06
Residual: 0.07143061740489243
Regularisation: 10.666225200073209
---
Beta Value: 5.62341325190349e-06
Residual: 0.07137681632827747
Regularisation: 10.50598487044755
---
Beta Value: 1e-05
Residual: 0.07139830072241433
Regularisation: 10.358364630576512
---
Beta Value: 1.778279410038922e-05
Residual: 0.07723744843972659
Regularisation: 21.6805966148036
---
Beta Value: 3.162277660168379e-05
Residual: 0.07493450941921892
Regularisation: 7.300698439663701
---
Beta Value: 5.62341325190349e-05
Residual: 0.07113213958438044
Regularisation: 8.891188299902138
---
Beta Value: 0.0001
Residual: 0.12518235201214878
Regularisation: 1.6376457970404155
---
Beta Value: 0.00017782794100389227
Residual: 0.07368414046392521
Regularisation: 21.087180709464292
---
Beta Value: 0.00031622776601683794
Residual: 0.06966548172721172
Regularisation: 10.779542399812277
---
Beta Value: 0.0005623413251903491
Residual: 0.07401389601129424
Regularisation: 7.666037676396432
---
Beta Value: 0.001
Residual: 0.08001538995106752
Regularisation: 5.49440781053471
---
Beta Value: 0.0017782794100389228
Residual: 0.0013647950446352122
Regularisation: 0.0
---
Beta Value: 0.0031622776601683794
Residual: 0.07742351132511427
Regularisation: 6.394137629511732
---
Beta Value: 0.005623413251903491
Residual: 0.07416961638146344
Regularisation: 4.662587440665469
---
Beta Value: 0.01
Residual: 0.1468356294259473
Regularisation: 0.5428141267921779
---
Beta Value: 0.01778279410038923
Residual: 0.11658816634393972
Regularisation: 1.5623502949317987
---
Beta Value: 0.03162277660168379
Residual: 0.12408431150220772
Regularisation: 0.6796374457876088
---
Beta Value: 0.05623413251903491
Residual: 0.13130280710519973
Regularisation: 0.8695306359185234
---
Beta Value: 0.1
Residual: 0.001548966292414588
Regularisation: 0.0
---
Beta Value: 0.1778279410038923
Residual: 0.1837349215069257
Regularisation: 0.27061232105381805
---
Beta Value: 0.31622776601683794
Residual: 0.4825219394959401
Regularisation: 0.17274117248244109
---
Beta Value: 0.5623413251903491
Residual: 0.4999113910715097
Regularisation: 0.07646370124970203
---
Beta Value: 1.0
Residual: 0.49961477795616555
Regularisation: 0.0775078778013918
---
Beta Value: 1.7782794100389228
Residual: 0.5005549520155262
Regularisation: 0.05595785499307444
---
Beta Value: 3.1622776601683795
Residual: 0.4999842956718616
Regularisation: 0.07227564973864863
---
Beta Value: 5.623413251903491
Residual: 0.4997979348403781
Regularisation: 0.07085666980806983
---
Beta Value: 10.0
Residual: 0.49984412927586974
Regularisation: 0.058597619681655506
---
Beta Value: 17.78279410038923
Residual: 0.5000721105919513
Regularisation: 0.05424952641501888
---
Beta Value: 31.622776601683793
Residual: 0.5000755990810638
Regularisation: 0.05501549990466323
---
Beta Value: 56.23413251903491
Residual: 0.5008071820983703
Regularisation: 0.05420207974542465
---
Beta Value: 100.0
Residual: 0.5008145472969262
Regularisation: 0.0543699064791503
---
