Beta Value: 1e-08
Residual: 0.031482871244314606
Regularisation: 15.362619560359754
---
Beta Value: 1.778279410038e-08
Residual: 0.03148287131221798
Regularisation: 15.362430064562316
---
Beta Value: 3.162277660168e-08
Residual: 0.031482871497052076
Regularisation: 15.362478307725855
---
Beta Value: 5.623413251903e-08
Residual: 0.030677840469907167
Regularisation: 18.374957537881286
---
Beta Value: 1e-07
Residual: 0.03167444756143877
Regularisation: 14.134722990056543
---
Beta Value: 1.7782794100389e-07
Residual: 0.0316654887244691
Regularisation: 14.184445510171122
---
Beta Value: 3.1622776601683e-07
Residual: 0.03168741636220057
Regularisation: 14.02741235235667
---
Beta Value: 5.6234132519034e-07
Residual: 0.02937901310344216
Regularisation: 19.791390845902733
---
Beta Value: 1e-06
Residual: 0.015589000979044327
Regularisation: 38.16764491072037
---
Beta Value: 1.77827941003892e-06
Residual: 0.03053122927582616
Regularisation: 19.784014175484675
---
Beta Value: 3.16227766016837e-06
Residual: 0.02942766666165963
Regularisation: 10.17332994208773
---
Beta Value: 5.62341325190349e-06
Residual: 0.0283334193854927
Regularisation: 23.49658432135981
---
Beta Value: 1e-05
Residual: 0.033819059099699976
Regularisation: 3.789254631777898
---
Beta Value: 1.778279410038922e-05
Residual: 0.02975338295262896
Regularisation: 5.735834625773384
---
Beta Value: 3.162277660168379e-05
Residual: 0.030123456593857713
Regularisation: 7.301471368914819
---
Beta Value: 5.62341325190349e-05
Residual: 0.02911182333172097
Regularisation: 8.556829587936816
---
Beta Value: 0.0001
Residual: 0.022219237134782622
Regularisation: 11.960282461908314
---
Beta Value: 0.00017782794100389227
Residual: 0.03139004578669812
Regularisation: 17.161288930599845
---
Beta Value: 0.00031622776601683794
Residual: 0.03118615361533945
Regularisation: 17.620858755705203
---
Beta Value: 0.0005623413251903491
Residual: 0.0383406154799869
Regularisation: 4.770230826584036
---
Beta Value: 0.001
Residual: 0.018171239985992425
Regularisation: 4.303604247434878
---
Beta Value: 0.0017782794100389228
Residual: 0.027203836058701237
Regularisation: 3.6710667197541778
---
Beta Value: 0.0031622776601683794
Residual: 0.05036350526781082
Regularisation: 3.7770359352392058
---
Beta Value: 0.005623413251903491
Residual: 0.03460219472950885
Regularisation: 1.99153725275843
---
Beta Value: 0.01
Residual: 0.05483965741457927
Regularisation: 2.031795991755248
---
Beta Value: 0.01778279410038923
Residual: 0.09285392616342374
Regularisation: 1.7201965400579076
---
Beta Value: 0.03162277660168379
Residual: 0.06606685145373004
Regularisation: 2.3359952604904204
---
Beta Value: 0.05623413251903491
Residual: 0.10376515286867768
Regularisation: 1.5604101618317916
---
Beta Value: 0.1
Residual: 0.08418241484737948
Regularisation: 1.0735251281079672
---
Beta Value: 0.1778279410038923
Residual: 0.10932095218771512
Regularisation: 0.9375747496272595
---
Beta Value: 0.31622776601683794
Residual: 0.10816221616091487
Regularisation: 1.0338916655775479
---
Beta Value: 0.5623413251903491
Residual: 0.19966670190572575
Regularisation: 1.120541264538368
---
Beta Value: 1.0
Residual: 0.3603984636654531
Regularisation: 0.6125552600969213
---
Beta Value: 1.7782794100389228
Residual: 0.3683881103418776
Regularisation: 0.618852058177193
---
Beta Value: 3.1622776601683795
Residual: 0.3671840869333293
Regularisation: 0.6389690418515772
---
Beta Value: 5.623413251903491
Residual: 0.3684561635450153
Regularisation: 0.6463550091511667
---
Beta Value: 10.0
Residual: 0.36886219168233747
Regularisation: 0.6217415785831512
---
Beta Value: 17.78279410038923
Residual: 0.36947866011463554
Regularisation: 0.595032560711769
---
Beta Value: 31.622776601683793
Residual: 0.3673633713353647
Regularisation: 0.6299776990381964
---
Beta Value: 56.23413251903491
Residual: 0.3667116820835112
Regularisation: 0.62868416773344
---
Beta Value: 100.0
Residual: 0.3667123281092279
Regularisation: 0.6286911159090557
---
