Beta Value: 0.0
Residual: 0.03162933766593178
Regularisation: 10.227606899489135
---
Beta Value: 0.0005
Residual: 0.02392536957614195
Regularisation: 3.7241139791833273
---
Beta Value: 0.001
Residual: 0.03501632332178417
Regularisation: 4.07324353875638
---
Beta Value: 0.0015
Residual: 0.03601064601194501
Regularisation: 3.7294020729902444
---
Beta Value: 0.002
Residual: 0.030534857070448642
Regularisation: 3.765647776256397
---
Beta Value: 0.0025
Residual: 0.037972412569553526
Regularisation: 3.643583493994938
---
Beta Value: 0.003
Residual: 0.0340721952868933
Regularisation: 5.28944719912929
---
Beta Value: 0.0035
Residual: 0.03041975872624845
Regularisation: 3.841767056916101
---
Beta Value: 0.004
Residual: 0.025513994849261874
Regularisation: 4.895122186766249
---
Beta Value: 0.0045
Residual: 0.027071966414228706
Regularisation: 4.269253652266182
---
Beta Value: 0.005
Residual: 0.04350811778927839
Regularisation: 4.226430732833344
---
Beta Value: 0.0055
Residual: 0.04163137593375538
Regularisation: 3.9495111229871336
---
Beta Value: 0.006
Residual: 0.04632980274025736
Regularisation: 3.046946971989488
---
Beta Value: 0.0065
Residual: 0.03496604427947298
Regularisation: 2.5538606357459437
---
Beta Value: 0.007
Residual: 0.040377523982747465
Regularisation: 4.045043436576691
---
Beta Value: 0.0075
Residual: 0.039359676071119
Regularisation: 4.138975636302893
---
Beta Value: 0.008
Residual: 0.04879511162751149
Regularisation: 2.585278284430978
---
Beta Value: 0.0085
Residual: 0.040635857917131694
Regularisation: 3.9940457574935917
---
Beta Value: 0.009
Residual: 0.032727200082112363
Regularisation: 2.5504844375717264
---
Beta Value: 0.0095
Residual: 0.03400295607961728
Regularisation: 1.930490853131443
---
Beta Value: 0.01
Residual: 0.03299854760078611
Regularisation: 3.240969896103185
---
Beta Value: 0.0105
Residual: 0.03194798319716334
Regularisation: 3.4158695378615036
---
Beta Value: 0.011
Residual: 0.0542273788204775
Regularisation: 2.027233600188116
---
Beta Value: 0.0115
Residual: 0.03277192721272658
Regularisation: 2.669998573475259
---
Beta Value: 0.012
Residual: 0.05418715692664925
Regularisation: 2.6764128631893334
---
Beta Value: 0.0125
Residual: 0.035246114241513735
Regularisation: 3.202019778292476
---
Beta Value: 0.013
Residual: 0.036853613314082864
Regularisation: 2.4703530457216125
---
Beta Value: 0.0135
Residual: 0.0492160626983681
Regularisation: 2.9973410499498567
---
Beta Value: 0.014
Residual: 0.03561607793063445
Regularisation: 2.1996855400302993
---
Beta Value: 0.0145
Residual: 0.031565406942539696
Regularisation: 3.0601307032602247
---
Beta Value: 0.015
Residual: 0.029499048429234256
Regularisation: 2.558017528836752
---
Beta Value: 0.0155
Residual: 0.030775687202086573
Regularisation: 2.5359842140467657
---
Beta Value: 0.016
Residual: 0.03263323047965307
Regularisation: 1.669804775496254
---
Beta Value: 0.0165
Residual: 0.054589863402393315
Regularisation: 2.1043837604987443
---
Beta Value: 0.017
Residual: 0.04799020830898639
Regularisation: 1.885835309724053
---
Beta Value: 0.0175
Residual: 0.027653090286351493
Regularisation: 2.7668611432401207
---
Beta Value: 0.018
Residual: 0.03427351601241882
Regularisation: 2.621305069334937
---
Beta Value: 0.0185
Residual: 0.0406195049598037
Regularisation: 2.219535065051049
---
Beta Value: 0.019
Residual: 0.05814480023413207
Regularisation: 2.051241764688807
---
Beta Value: 0.0195
Residual: 0.057293664657822825
Regularisation: 2.0076183450004192
---
Beta Value: 0.02
Residual: 0.055763235224795406
Regularisation: 2.08411667377558
---
Beta Value: 0.0205
Residual: 0.03494344755533321
Regularisation: 1.6736718288328523
---
Beta Value: 0.021
Residual: 0.051708204011416424
Regularisation: 2.883063024125633
---
Beta Value: 0.0215
Residual: 0.05623238941321564
Regularisation: 2.6383520790927784
---
Beta Value: 0.022
Residual: 0.05230493664064699
Regularisation: 3.043183024208291
---
Beta Value: 0.0225
Residual: 0.05572736100524159
Regularisation: 2.791641528644555
---
Beta Value: 0.023
Residual: 0.03547326545164186
Regularisation: 3.0857097100228854
---
Beta Value: 0.0235
Residual: 0.05018203707698205
Regularisation: 2.9112192560766905
---
Beta Value: 0.024
Residual: 0.034743475180994216
Regularisation: 1.6073954977337404
---
Beta Value: 0.0245
Residual: 0.04664547500581907
Regularisation: 2.9084655793809846
---
Beta Value: 0.025
Residual: 0.04957500807491187
Regularisation: 1.6150984237866088
---
Beta Value: 0.0255
Residual: 0.0488703427440997
Regularisation: 3.352320726124709
---
Beta Value: 0.026
Residual: 0.05100241559200682
Regularisation: 3.1194934032566644
---
Beta Value: 0.0265
Residual: 0.05519732232592301
Regularisation: 2.776796042102828
---
Beta Value: 0.027
Residual: 0.03841529991020308
Regularisation: 3.252912775489786
---
Beta Value: 0.0275
Residual: 0.04339805555457008
Regularisation: 3.3798012593797133
---
Beta Value: 0.028
Residual: 0.029067857273768708
Regularisation: 2.851944324694803
---
Beta Value: 0.0285
Residual: 0.039279198656467035
Regularisation: 2.1350670196393478
---
Beta Value: 0.029
Residual: 0.037327601819274706
Regularisation: 2.697653564364272
---
Beta Value: 0.0295
Residual: 0.04429810391128521
Regularisation: 3.060070067553564
---
Beta Value: 0.03
Residual: 0.038162876793100584
Regularisation: 2.089861987616511
---
Beta Value: 0.0305
Residual: 0.035568205813921235
Regularisation: 2.1885445152210474
---
Beta Value: 0.031
Residual: 0.03479129962515989
Regularisation: 2.2199826193365864
---
Beta Value: 0.0315
Residual: 0.034038630653781494
Regularisation: 2.30730032124382
---
Beta Value: 0.032
Residual: 0.03431173950784434
Regularisation: 1.547452219998856
---
Beta Value: 0.0325
Residual: 0.03430397150535597
Regularisation: 2.280850851748105
---
Beta Value: 0.033
Residual: 0.03150352169477463
Regularisation: 1.7181855217557584
---
Beta Value: 0.0335
Residual: 0.03690519209714635
Regularisation: 1.6453358024657054
---
Beta Value: 0.034
Residual: 0.032433517617942074
Regularisation: 1.4163979031371086
---
Beta Value: 0.0345
Residual: 0.035111218511071914
Regularisation: 1.9427764336285562
---
Beta Value: 0.035
Residual: 0.03630186338160967
Regularisation: 1.758034077384747
---
Beta Value: 0.0355
Residual: 0.033345571052040425
Regularisation: 1.4765172646715659
---
Beta Value: 0.036
Residual: 0.03523158040245953
Regularisation: 1.8856429058389128
---
Beta Value: 0.0365
Residual: 0.03707546047765602
Regularisation: 1.9638907175768403
---
Beta Value: 0.037
Residual: 0.035133213792436335
Regularisation: 1.6031580538422359
---
Beta Value: 0.0375
Residual: 0.034598081050920965
Regularisation: 1.7677743110418218
---
Beta Value: 0.038
Residual: 0.03517760539561498
Regularisation: 1.6383870603198842
---
Beta Value: 0.0385
Residual: 0.03700377072981175
Regularisation: 1.437455058786006
---
Beta Value: 0.039
Residual: 0.03665801166093911
Regularisation: 2.111512649631975
---
Beta Value: 0.0395
Residual: 0.03590104181979594
Regularisation: 2.23631601941155
---
Beta Value: 0.04
Residual: 0.03908975850009372
Regularisation: 2.2303094512255512
---
Beta Value: 0.0405
Residual: 0.03393253288929886
Regularisation: 1.4090504330633067
---
Beta Value: 0.041
Residual: 0.0345686946504205
Regularisation: 1.786928049530913
---
Beta Value: 0.0415
Residual: 0.04007603500159849
Regularisation: 2.511538731503289
---
Beta Value: 0.042
Residual: 0.03959702147874022
Regularisation: 2.1827656271020963
---
Beta Value: 0.0425
Residual: 0.039273547323338834
Regularisation: 2.166116388386688
---
Beta Value: 0.043
Residual: 0.03796171343675533
Regularisation: 1.7855326581007767
---
Beta Value: 0.0435
Residual: 0.03763143761567552
Regularisation: 1.858056091382
---
Beta Value: 0.044
Residual: 0.039266941849477245
Regularisation: 2.142973025356075
---
Beta Value: 0.0445
Residual: 0.0389630040384756
Regularisation: 2.1460992629942837
---
Beta Value: 0.045
Residual: 0.03863019613659013
Regularisation: 2.2169637187911175
---
Beta Value: 0.0455
Residual: 0.03496797297398641
Regularisation: 1.3832842232922133
---
Beta Value: 0.046
Residual: 0.03883738927541495
Regularisation: 1.5337491930237819
---
Beta Value: 0.0465
Residual: 0.034592096218694766
Regularisation: 1.6217260040696526
---
Beta Value: 0.047
Residual: 0.03466464903276384
Regularisation: 2.454121001861345
---
Beta Value: 0.0475
Residual: 0.036494673556529106
Regularisation: 1.8976881425302883
---
Beta Value: 0.048
Residual: 0.03485386091859656
Regularisation: 1.5400265220752307
---
Beta Value: 0.0485
Residual: 0.03587647279141022
Regularisation: 2.1606201811444206
---
Beta Value: 0.049
Residual: 0.03952374947788576
Regularisation: 2.5324371538624586
---
Beta Value: 0.0495
Residual: 0.03375520525471257
Regularisation: 2.5246151137131707
---
Beta Value: 0.05
Residual: 0.03474495393457789
Regularisation: 1.4842628524424106
---
